Microchip MPLAB XC8 Compiler V2.45

Linker command line:

-W-3 --edf=D:\ME\EE\career\tools\xc8\v2.45\pic\dat\20230818022343_en.msgs \
  -cn -h+dist/default/debug\PIC18F4620Drivers.debug.sym \
  --cmf=dist/default/debug\PIC18F4620Drivers.debug.cmf -z -Q18F4620 \
  -oC:\Users\User\AppData\Local\Temp\xcAsks4.\driver_tmp_3.o \
  --defsym=__MPLAB_BUILD=1 --fixupoverflow=error \
  -Mdist/default/debug/PIC18F4620Drivers.debug.map \
  --md=C:\Users\User\AppData\Local\Temp\xcAsks4.\driver_tmp_0.dat -E1 \
  -ver=XC8 Compiler --acfsm=1493 -ACODE=00h-0FFFFh -ACONST=00h-0FFFFh \
  -ASMALLCONST=01000h-010FFhx240 -AMEDIUMCONST=01000h-0FFFFh \
  -ACOMRAM=01h-07Fh -AABS1=00h-0F7Fh -ABIGRAM=01h-0F7Fh \
  -ARAM=080h-0FFh,0100h-01FFhx14,0F00h-0F7Fh -ABANK0=080h-0FFh \
  -ABANK1=0100h-01FFh -ABANK2=0200h-02FFh -ABANK3=0300h-03FFh \
  -ABANK4=0400h-04FFh -ABANK5=0500h-05FFh -ABANK6=0600h-06FFh \
  -ABANK7=0700h-07FFh -ABANK8=0800h-08FFh -ABANK9=0900h-09FFh \
  -ABANK10=0A00h-0AFFh -ABANK11=0B00h-0BFFh -ABANK12=0C00h-0CFFh \
  -ABANK13=0D00h-0DFFh -ABANK14=0E00h-0EFFh -ABANK15=0F00h-0F7Fh \
  -ASFR=0F80h-0FFFh -ABIGSFR=0F80h-0FFFh -ACONFIG=0300000h-030000Dh \
  -AIDLOC=0200000h-0200007h -AEEDATA=0F00000h-0F003FFh -peeprom_data=EEDATA \
  -preset_vec=00h,intcode,intcodelo,powerup,init -pramtop=01000h \
  -psmallconst=SMALLCONST -pmediumconst=MEDIUMCONST -pconst=CONST \
  -AFARRAM=00h-00h \
  -prdata=COMRAM,nvrram=COMRAM,nvbit=COMRAM,rbss=COMRAM,rbit=COMRAM \
  -pfarbss=FARRAM,fardata=FARRAM,nvFARRAM=FARRAM \
  -pintsave_regs=BIGRAM,bigbss=BIGRAM,bigdata=BIGRAM -pbss=RAM \
  -pidata=CODE,irdata=CODE,ibigdata=CODE,ifardata=CODE -prparam=COMRAM \
  C:\Users\User\AppData\Local\Temp\xcAsks4.\driver_tmp_9.o \
  dist/default/debug\PIC18F4620Drivers.debug.o 

Object code version is 3.11

Machine type is 18F4620



                Name                               Link     Load   Length Selector   Space Scale
C:\Users\User\AppData\Local\Temp\xcAsks4.\driver_tmp_9.o
                config                           300000   300000        E        0       4
                init                                  0        0        4        0       0
dist/default/debug\PIC18F4620Drivers.debug.o
                config                           300000   300000        E        0       4
                smallconst                         1000     1000       12      800       0
                text6                              134C     134C       C0      809       0
                text5                              1154     1154      12C      809       0
                text4                              1280     1280       CC      809       0
                text3                              1012     1012      142      809       0
                text2                              1484     1484       3E      809       0
                text1                              140C     140C       78      809       0
                text0                              14F8     14F8       30      809       0
                cstackCOMRAM                         38       38       10        1       1
                dataCOMRAM                            1        1       27        1       1
                bssCOMRAM                            28       28       10        1       1
                cinit                              14C2     14C2       36      809       0
                idataCOMRAM                        1528     1528       27      809       0

TOTAL           Name                               Link     Load   Length     Space
        CLASS   CODE           
                init                                  0        0        4         0
                text6                              134C     134C       C0         0
                text5                              1154     1154      12C         0
                text4                              1280     1280       CC         0
                text3                              1012     1012      142         0
                text2                              1484     1484       3E         0
                text1                              140C     140C       78         0
                text0                              14F8     14F8       30         0
                cinit                              14C2     14C2       36         0
                idataCOMRAM                        1528     1528       27         0

        CLASS   CONST          

        CLASS   SMALLCONST     
                smallconst                         1000     1000       12         0

        CLASS   MEDIUMCONST    

        CLASS   COMRAM         
                cstackCOMRAM                         38       38       10         1
                dataCOMRAM                            1        1       27         1
                bssCOMRAM                            28       28       10         1

        CLASS   ABS1           

        CLASS   BIGRAM         

        CLASS   RAM            

        CLASS   BANK0          

        CLASS   BANK1          

        CLASS   BANK2          

        CLASS   BANK3          

        CLASS   BANK4          

        CLASS   BANK5          

        CLASS   BANK6          

        CLASS   BANK7          

        CLASS   BANK8          

        CLASS   BANK9          

        CLASS   BANK10         

        CLASS   BANK11         

        CLASS   BANK12         

        CLASS   BANK13         

        CLASS   BANK14         

        CLASS   BANK15         

        CLASS   SFR            

        CLASS   BIGSFR         

        CLASS   CONFIG         
                config                           300000   300000        E         4

        CLASS   IDLOC          

        CLASS   EEDATA         

        CLASS   FARRAM         

        CLASS   HEAP           

        CLASS   STACK          



SEGMENTS        Name                           Load    Length   Top    Selector   Space  Class

                reset_vec                      000000  000004  000004         0       0  CODE    
                dataCOMRAM                     000001  000047  000048         1       1  COMRAM  
                smallconst                     001000  000012  001012       800       0  SMALLCON
                text3                          001012  00053D  00154F       809       0  CODE    


UNUSED ADDRESS RANGES

        Name                Unused          Largest block    Delta
        BANK0            000080-0000FF               80
        BANK1            000100-0001FF              100
        BANK10           000A00-000AFF              100
        BANK11           000B00-000BFF              100
        BANK12           000C00-000CFF              100
        BANK13           000D00-000DFF              100
        BANK14           000E00-000EFF              100
        BANK15           000F00-000F7F               80
        BANK2            000200-0002FF              100
        BANK3            000300-0003FF              100
        BANK4            000400-0004FF              100
        BANK5            000500-0005FF              100
        BANK6            000600-0006FF              100
        BANK7            000700-0007FF              100
        BANK8            000800-0008FF              100
        BANK9            000900-0009FF              100
        BIGRAM           000048-000F7F              F38
        BIGSFR           000F80-000FFF               80
        CODE             000004-000FFF              FFC
                         00154F-00FFFF             EAB1
        COMRAM           000048-00007F               38
        CONST            000004-000FFF              FFC
                         00154F-00FFFF             EAB1
        EEDATA           F00000-F003FF              400
        IDLOC            200000-200007                8
        MEDIUMCONST      00154F-00FFFF             EAB1
        RAM              000080-000F7F              100
        SFR              000F80-000FFF               80
        SMALLCONST       00154F-00FFFF              100

                                  Symbol Table

__HRAM                                   (abs)        000000
__H__absolute__                          __absolute__ 000000
__Habs1                                  abs1         000000
__Hbank0                                 bank0        000000
__Hbank1                                 bank1        000000
__Hbank10                                bank10       000000
__Hbank11                                bank11       000000
__Hbank12                                bank12       000000
__Hbank13                                bank13       000000
__Hbank14                                bank14       000000
__Hbank15                                bank15       000000
__Hbank2                                 bank2        000000
__Hbank3                                 bank3        000000
__Hbank4                                 bank4        000000
__Hbank5                                 bank5        000000
__Hbank6                                 bank6        000000
__Hbank7                                 bank7        000000
__Hbank8                                 bank8        000000
__Hbank9                                 bank9        000000
__Hbigbss                                bigbss       000000
__Hbigdata                               bigdata      000000
__Hbigram                                bigram       000000
__Hbigsfr                                bigsfr       000000
__Hbss                                   bss          000000
__HbssCOMRAM                             bssCOMRAM    000000
__Hcinit                                 cinit        000000
__Hclrtext                               clrtext      000000
__Hcomram                                comram       000000
__Hconfig                                config       30000E
__Hconst                                 const        000000
__HcstackCOMRAM                          cstackCOMRAM 000000
__Hdata                                  data         000000
__HdataCOMRAM                            dataCOMRAM   000000
__Heeprom_data                           eeprom_data  000000
__Hfarbss                                farbss       000000
__Hfardata                               fardata      000000
__Hheap                                  heap         000000
__Hibigdata                              ibigdata     000000
__Hidata                                 idata        000000
__HidataCOMRAM                           idataCOMRAM  000000
__Hidloc                                 idloc        000000
__Hifardata                              ifardata     000000
__Hinit                                  init         000004
__Hintcode                               intcode      000000
__Hintcode_body                          intcode_body 000000
__Hintcodelo                             intcodelo    000000
__Hintentry                              intentry     000000
__Hintret                                intret       000000
__Hintsave_regs                          intsave_regs 000000
__Hirdata                                irdata       000000
__Hmediumconst                           mediumconst  000000
__HnvFARRAM                              nvFARRAM     000000
__Hnvbit                                 nvbit        000000
__Hnvrram                                nvrram       000000
__Hparam                                 rparam       000000
__Hpowerup                               powerup      000000
__Hram                                   ram          000000
__Hramtop                                ramtop       001000
__Hrbit                                  rbit         000000
__Hrbss                                  rbss         000000
__Hrdata                                 rdata        000000
__Hreset_vec                             reset_vec    000000
__Hrparam                                rparam       000000
__Hsfr                                   sfr          000000
__Hsmallconst                            smallconst   001012
__Hspace_0                               (abs)        00154F
__Hspace_1                               (abs)        000048
__Hspace_2                               (abs)        000000
__Hspace_4                               (abs)        60000E
__Hstack                                 stack        000000
__Hstruct                                struct       000000
__Htemp                                  temp         000000
__Htext                                  text         000000
__Htext0                                 text0        000000
__Htext1                                 text1        000000
__Htext2                                 text2        000000
__Htext3                                 text3        000000
__Htext4                                 text4        000000
__Htext5                                 text5        000000
__Htext6                                 text6        000000
__LRAM                                   (abs)        000001
__L__absolute__                          __absolute__ 000000
__Labs1                                  abs1         000000
__Lbank0                                 bank0        000000
__Lbank1                                 bank1        000000
__Lbank10                                bank10       000000
__Lbank11                                bank11       000000
__Lbank12                                bank12       000000
__Lbank13                                bank13       000000
__Lbank14                                bank14       000000
__Lbank15                                bank15       000000
__Lbank2                                 bank2        000000
__Lbank3                                 bank3        000000
__Lbank4                                 bank4        000000
__Lbank5                                 bank5        000000
__Lbank6                                 bank6        000000
__Lbank7                                 bank7        000000
__Lbank8                                 bank8        000000
__Lbank9                                 bank9        000000
__Lbigbss                                bigbss       000000
__Lbigdata                               bigdata      000000
__Lbigram                                bigram       000000
__Lbigsfr                                bigsfr       000000
__Lbss                                   bss          000000
__LbssCOMRAM                             bssCOMRAM    000000
__Lcinit                                 cinit        000000
__Lclrtext                               clrtext      000000
__Lcomram                                comram       000000
__Lconfig                                config       000000
__Lconst                                 const        000000
__LcstackCOMRAM                          cstackCOMRAM 000000
__Ldata                                  data         000000
__LdataCOMRAM                            dataCOMRAM   000000
__Leeprom_data                           eeprom_data  000000
__Lfarbss                                farbss       000000
__Lfardata                               fardata      000000
__Lheap                                  heap         000000
__Libigdata                              ibigdata     000000
__Lidata                                 idata        000000
__LidataCOMRAM                           idataCOMRAM  000000
__Lidloc                                 idloc        000000
__Lifardata                              ifardata     000000
__Linit                                  init         000000
__Lintcode                               intcode      000000
__Lintcode_body                          intcode_body 000000
__Lintcodelo                             intcodelo    000000
__Lintentry                              intentry     000000
__Lintret                                intret       000000
__Lintsave_regs                          intsave_regs 000000
__Lirdata                                irdata       000000
__Lmediumconst                           mediumconst  000000
__LnvFARRAM                              nvFARRAM     000000
__Lnvbit                                 nvbit        000000
__Lnvrram                                nvrram       000000
__Lparam                                 rparam       000000
__Lpowerup                               powerup      000000
__Lram                                   ram          000000
__Lramtop                                ramtop       001000
__Lrbit                                  rbit         000000
__Lrbss                                  rbss         000000
__Lrdata                                 rdata        000000
__Lreset_vec                             reset_vec    000000
__Lrparam                                rparam       000000
__Lsfr                                   sfr          000000
__Lsmallconst                            smallconst   001000
__Lspace_0                               (abs)        000000
__Lspace_1                               (abs)        000000
__Lspace_2                               (abs)        000000
__Lspace_4                               (abs)        000000
__Lstack                                 stack        000000
__Lstruct                                struct       000000
__Ltemp                                  temp         000000
__Ltext                                  text         000000
__Ltext0                                 text0        000000
__Ltext1                                 text1        000000
__Ltext2                                 text2        000000
__Ltext3                                 text3        000000
__Ltext4                                 text4        000000
__Ltext5                                 text5        000000
__Ltext6                                 text6        000000
__S0                                     (abs)        00154F
__S1                                     (abs)        000048
__S4                                     (abs)        000000
__S5                                     (abs)        000000
___heap_hi                               (abs)        000000
___heap_lo                               (abs)        000000
___inthi_sp                              stack        000000
___inthi_stack_hi                        stack        000000
___inthi_stack_lo                        stack        000000
___intlo_sp                              stack        000000
___intlo_stack_hi                        stack        000000
___intlo_stack_lo                        stack        000000
___param_bank                            (abs)        000000
___rparam_used                           (abs)        000001
___sp                                    stack        000000
___stack_hi                              stack        000000
___stack_lo                              stack        000000
__accesstop                              (abs)        000080
__activetblptr                           (abs)        000002
__end_of__initialization                 cinit        0014EE
__end_of_btn_values                      smallconst   001011
__end_of_gpio_pin_direction_initalize    text3        001154
__end_of_gpio_pin_initalize              text2        0014C2
__end_of_gpio_pin_read_logic             text6        00140C
__end_of_gpio_pin_write_logic            text5        001280
__end_of_keypad_get_value                text4        00134C
__end_of_keypad_initalize                text1        001484
__end_of_main                            text0        001528
__initialization                         cinit        0014C2
__mediumconst                            mediumconst  000000
__pbssCOMRAM                             bssCOMRAM    000028
__pcinit                                 cinit        0014C2
__pcstackCOMRAM                          cstackCOMRAM 000038
__pdataCOMRAM                            dataCOMRAM   000001
__pidataCOMRAM                           idataCOMRAM  001528
__psmallconst                            smallconst   001000
__ptext0                                 text0        0014F8
__ptext1                                 text1        00140C
__ptext2                                 text2        001484
__ptext3                                 text3        001012
__ptext4                                 text4        001280
__ptext5                                 text5        001154
__ptext6                                 text6        00134C
__ramtop                                 ramtop       001000
__smallconst                             smallconst   001000
_btn_values                              smallconst   001001
_getValue                                bssCOMRAM    000037
_gpio_pin_direction_initalize            text3        001012
_gpio_pin_initalize                      text2        001484
_gpio_pin_read_logic                     text6        00134C
_gpio_pin_write_logic                    text5        001154
_keypad                                  dataCOMRAM   00001F
_keypad_get_value                        text4        001280
_keypad_initalize                        text1        00140C
_lat_registers                           dataCOMRAM   00000B
_main                                    text0        0014F8
_pin1                                    dataCOMRAM   000027
_port_registers                          dataCOMRAM   000001
_tris_registers                          dataCOMRAM   000015
dc_motor_initialize@F571                 bssCOMRAM    000036
dc_motor_initialize@F573                 bssCOMRAM    000035
dc_motor_move_left@F585                  bssCOMRAM    000032
dc_motor_move_left@F587                  bssCOMRAM    000031
dc_motor_move_right@F578                 bssCOMRAM    000034
dc_motor_move_right@F580                 bssCOMRAM    000033
dc_motor_stop@F592                       bssCOMRAM    000030
dc_motor_stop@F594                       bssCOMRAM    00002F
end_of_initialization                    cinit        0014EE
gpio_pin_direction_initalize@_pin_config cstackCOMRAM 000038
gpio_pin_direction_initalize@status      cstackCOMRAM 00003E
gpio_pin_initalize@_pin_config           cstackCOMRAM 000040
gpio_pin_initalize@ret                   cstackCOMRAM 000041
gpio_pin_read_logic@_pin_config          cstackCOMRAM 000038
gpio_pin_read_logic@logic                cstackCOMRAM 000039
gpio_pin_read_logic@status               cstackCOMRAM 00003E
gpio_pin_write_logic@_pin_config         cstackCOMRAM 000038
gpio_pin_write_logic@logic               cstackCOMRAM 000039
gpio_pin_write_logic@status              cstackCOMRAM 00003F
intlevel0                                text         000000
intlevel1                                text         000000
intlevel2                                text         000000
intlevel3                                text         000000
isa$std                                  (abs)        000001
isa$xinst                                (abs)        000000
keypad_get_value@cols_counter            cstackCOMRAM 000047
keypad_get_value@getValue                cstackCOMRAM 000044
keypad_get_value@keypad                  cstackCOMRAM 000040
keypad_get_value@l_counter               cstackCOMRAM 000045
keypad_get_value@ret                     cstackCOMRAM 000043
keypad_get_value@rows_counter            cstackCOMRAM 000046
keypad_get_value@value                   cstackCOMRAM 000041
keypad_initalize@keypad                  cstackCOMRAM 000042
keypad_initalize@ret                     cstackCOMRAM 000043
led_initalize@F572                       bssCOMRAM    00002E
led_toggle@F587                          bssCOMRAM    00002B
led_turn_off@F582                        bssCOMRAM    00002C
led_turn_on@F577                         bssCOMRAM    00002D
relay_initialize@F566                    bssCOMRAM    00002A
relay_turn_off@F576                      bssCOMRAM    000028
relay_turn_on@F571                       bssCOMRAM    000029
stackhi                                  (abs)        000000
stacklo                                  (abs)        000000
start                                    init         000000
start_initialization                     cinit        0014C2


MODULE INFORMATION

Module		Function		Class		Link	Load	Size
MCAL_layer/GPIO/hal_gpio.c
		_gpio_pin_write_logic		CODE           	1154	0000	300
		_gpio_pin_initalize		CODE           	1484	0000	62
		_gpio_pin_direction_initalize		CODE           	1012	0000	322
		_gpio_pin_read_logic		CODE           	134C	0000	192

MCAL_layer/GPIO/hal_gpio.c estimated size: 876

ECU_layer/KEYPAD/ecu_keypad.c
		_keypad_get_value		CODE           	1280	0000	204
		_keypad_initalize		CODE           	140C	0000	120

ECU_layer/KEYPAD/ecu_keypad.c estimated size: 324

shared
		_btn_values    		SMALLCONST     	1001	0000	16
		__initialization		CODE           	14C2	0000	44

shared estimated size: 60

application.c
		_main          		CODE           	14F8	0000	48

application.c estimated size: 48

