Microchip MPLAB XC8 Compiler V2.45

Linker command line:

-W-3 --edf=D:\ME\EE\career\tools\xc8\v2.45\pic\dat\20230818022343_en.msgs \
  -cn -h+dist/default/debug\PIC18F4620Drivers.debug.sym \
  --cmf=dist/default/debug\PIC18F4620Drivers.debug.cmf -z -Q18F4620 \
  -oC:\Users\User\AppData\Local\Temp\xcAs1f0.\driver_tmp_3.o \
  --defsym=__MPLAB_BUILD=1 --fixupoverflow=error \
  -Mdist/default/debug/PIC18F4620Drivers.debug.map \
  --md=C:\Users\User\AppData\Local\Temp\xcAs1f0.\driver_tmp_0.dat -E1 \
  -ver=XC8 Compiler --acfsm=1493 -ACODE=00h-0FFFFh -ACONST=00h-0FFFFh \
  -ASMALLCONST=01000h-010FFhx240 -AMEDIUMCONST=01000h-0FFFFh \
  -ACOMRAM=01h-07Fh -AABS1=00h-0F7Fh -ABIGRAM=01h-0F7Fh \
  -ARAM=080h-0FFh,0100h-01FFhx14,0F00h-0F7Fh -ABANK0=080h-0FFh \
  -ABANK1=0100h-01FFh -ABANK2=0200h-02FFh -ABANK3=0300h-03FFh \
  -ABANK4=0400h-04FFh -ABANK5=0500h-05FFh -ABANK6=0600h-06FFh \
  -ABANK7=0700h-07FFh -ABANK8=0800h-08FFh -ABANK9=0900h-09FFh \
  -ABANK10=0A00h-0AFFh -ABANK11=0B00h-0BFFh -ABANK12=0C00h-0CFFh \
  -ABANK13=0D00h-0DFFh -ABANK14=0E00h-0EFFh -ABANK15=0F00h-0F7Fh \
  -ASFR=0F80h-0FFFh -ABIGSFR=0F80h-0FFFh -ACONFIG=0300000h-030000Dh \
  -AIDLOC=0200000h-0200007h -AEEDATA=0F00000h-0F003FFh -peeprom_data=EEDATA \
  -preset_vec=00h,intcode=08h,intcodelo,powerup,init -pramtop=01000h \
  -psmallconst=SMALLCONST -pmediumconst=MEDIUMCONST -pconst=CONST \
  -AFARRAM=00h-00h \
  -prdata=COMRAM,nvrram=COMRAM,nvbit=COMRAM,rbss=COMRAM,rbit=COMRAM \
  -pfarbss=FARRAM,fardata=FARRAM,nvFARRAM=FARRAM \
  -pintsave_regs=BIGRAM,bigbss=BIGRAM,bigdata=BIGRAM -pbss=RAM \
  -pidata=CODE,irdata=CODE,ibigdata=CODE,ifardata=CODE -prparam=COMRAM \
  C:\Users\User\AppData\Local\Temp\xcAs1f0.\driver_tmp_9.o \
  dist/default/debug\PIC18F4620Drivers.debug.o 

Object code version is 3.11

Machine type is 18F4620



                Name                               Link     Load   Length Selector   Space Scale
C:\Users\User\AppData\Local\Temp\xcAs1f0.\driver_tmp_9.o
                config                           300000   300000        E        0       4
                init                                  E        E        4        4       0
                reset_vec                             0        0        4        0       0
dist/default/debug\PIC18F4620Drivers.debug.o
                intcode                               8        8        6        4       0
                config                           300000   300000        E        0       4
                temp                                 6F       6F        1        1       1
                smallconst                         1000     1000       12      800       0
                text24                             1CFC     1CFC        4      E4A       0
                text23                             1CF8     1CF8        4      E4A       0
                text22                             1CF4     1CF4        4      E4A       0
                text21                             156E     156E      122      809       0
                text20                             1ACE     1ACE       74      809       0
                text19                             1A5A     1A5A       74      809       0
                text18                             1CE8     1CE8        C      E4A       0
                text17                             1CDC     1CDC        C      E4A       0
                text16                             1CD0     1CD0        C      E4A       0
                text15                             1CC4     1CC4        C      E4A       0
                text14                             1CB8     1CB8        C      E4A       0
                text13                             1CAC     1CAC        C      E4A       0
                text12                             1CA0     1CA0        C      E4A       0
                text11                             1C94     1C94        C      E4A       0
                text10                             1954     1954       90      809       0
                text9                              18C4     18C4       90      809       0
                text8                              1834     1834       90      809       0
                text7                              17A4     17A4       90      809       0
                intcode_body                       1012     1012      2E2      809       0
                text5                              12F4     12F4      148      809       0
                text4                              1690     1690      114      809       0
                text3                              143C     143C      132      809       0
                text2                              1C00     1C00       44      809       0
                text1                              19E4     19E4       76      809       0
                text0                              1B42     1B42       68      809       0
                cstackCOMRAM                         5B       5B       14        1       1
                cstackBANK0                          9A       9A        E       80       1
                dataBANK0                            80       80       1A       80       1
                dataCOMRAM                            1        1       35        1       1
                bssCOMRAM                            36       36       25        1       1
                cinit                              1BAA     1BAA       56      809       0
                idataBANK0                         1C79     1C79       1A      809       0
                idataCOMRAM                        1C44     1C44       35      809       0

TOTAL           Name                               Link     Load   Length     Space
        CLASS   CODE           
                intcode                               8        8        6         0
                init                                  E        E        4         0
                reset_vec                             0        0        4         0
                text24                             1CFC     1CFC        4         0
                text23                             1CF8     1CF8        4         0
                text22                             1CF4     1CF4        4         0
                text21                             156E     156E      122         0
                text20                             1ACE     1ACE       74         0
                text19                             1A5A     1A5A       74         0
                text18                             1CE8     1CE8        C         0
                text17                             1CDC     1CDC        C         0
                text16                             1CD0     1CD0        C         0
                text15                             1CC4     1CC4        C         0
                text14                             1CB8     1CB8        C         0
                text13                             1CAC     1CAC        C         0
                text12                             1CA0     1CA0        C         0
                text11                             1C94     1C94        C         0
                text10                             1954     1954       90         0
                text9                              18C4     18C4       90         0
                text8                              1834     1834       90         0
                text7                              17A4     17A4       90         0
                intcode_body                       1012     1012      2E2         0
                text5                              12F4     12F4      148         0
                text4                              1690     1690      114         0
                text3                              143C     143C      132         0
                text2                              1C00     1C00       44         0
                text1                              19E4     19E4       76         0
                text0                              1B42     1B42       68         0
                cinit                              1BAA     1BAA       56         0
                idataBANK0                         1C79     1C79       1A         0
                idataCOMRAM                        1C44     1C44       35         0

        CLASS   CONST          

        CLASS   SMALLCONST     
                smallconst                         1000     1000       12         0

        CLASS   MEDIUMCONST    

        CLASS   COMRAM         
                temp                                 6F       6F        1         1
                cstackCOMRAM                         5B       5B       14         1
                dataCOMRAM                            1        1       35         1
                bssCOMRAM                            36       36       25         1

        CLASS   ABS1           

        CLASS   BIGRAM         

        CLASS   RAM            

        CLASS   BANK0          
                cstackBANK0                          9A       9A        E         1
                dataBANK0                            80       80       1A         1

        CLASS   BANK1          

        CLASS   BANK2          

        CLASS   BANK3          

        CLASS   BANK4          

        CLASS   BANK5          

        CLASS   BANK6          

        CLASS   BANK7          

        CLASS   BANK8          

        CLASS   BANK9          

        CLASS   BANK10         

        CLASS   BANK11         

        CLASS   BANK12         

        CLASS   BANK13         

        CLASS   BANK14         

        CLASS   BANK15         

        CLASS   SFR            

        CLASS   BIGSFR         

        CLASS   CONFIG         
                config                           300000   300000        E         4

        CLASS   IDLOC          

        CLASS   EEDATA         

        CLASS   FARRAM         

        CLASS   HEAP           

        CLASS   STACK          



SEGMENTS        Name                           Load    Length   Top    Selector   Space  Class

                reset_vec                      000000  000004  000004         0       0  CODE    
                dataCOMRAM                     000001  00006F  000070         1       1  COMRAM  
                intcode                        000008  00000A  000012         4       0  CODE    
                dataBANK0                      000080  000028  0000A8        80       1  BANK0   
                smallconst                     001000  000012  001012       800       0  SMALLCON
                intcode_body                   001012  000C81  001C93       809       0  CODE    
                text11                         001C94  00006C  001D00       E4A       0  CODE    


UNUSED ADDRESS RANGES

        Name                Unused          Largest block    Delta
        BANK0            0000A8-0000FF               58
        BANK1            000100-0001FF              100
        BANK10           000A00-000AFF              100
        BANK11           000B00-000BFF              100
        BANK12           000C00-000CFF              100
        BANK13           000D00-000DFF              100
        BANK14           000E00-000EFF              100
        BANK15           000F00-000F7F               80
        BANK2            000200-0002FF              100
        BANK3            000300-0003FF              100
        BANK4            000400-0004FF              100
        BANK5            000500-0005FF              100
        BANK6            000600-0006FF              100
        BANK7            000700-0007FF              100
        BANK8            000800-0008FF              100
        BANK9            000900-0009FF              100
        BIGRAM           000070-00007F               10
                         0000A8-000F7F              ED8
        BIGSFR           000F80-000FFF               80
        CODE             000004-000007                4
                         000012-000FFF              FEE
                         001C93-001C93                1
                         001D00-00FFFF             E300
        COMRAM           000070-00007F               10
        CONST            000004-000007                4
                         000012-000FFF              FEE
                         001C93-001C93                1
                         001D00-00FFFF             E300
        EEDATA           F00000-F003FF              400
        IDLOC            200000-200007                8
        MEDIUMCONST      001C93-001C93                1
                         001D00-00FFFF             E300
        RAM              0000A8-000F7F              100
        SFR              000F80-000FFF               80
        SMALLCONST       001C93-001C93                1
                         001D00-00FFFF              100

                                  Symbol Table

RB4_ISR@RB4_Int                          cstackCOMRAM 000068
RB5_ISR@RB5_Int                          cstackCOMRAM 000068
RB6_ISR@RB6_Int                          cstackCOMRAM 000068
RB7_ISR@RB7_Int                          cstackCOMRAM 000068
_EXTI0_ISR                               text24       001CFC
_EXTI0_InterruptHandler                  bssCOMRAM    00004A
_EXTI1_ISR                               text23       001CF8
_EXTI1_InterruptHandler                  bssCOMRAM    000048
_EXTI2_ISR                               text22       001CF4
_EXTI2_InterruptHandler                  bssCOMRAM    000046
_INTCON2bits                             (abs)        000FF1
_INTCON3bits                             (abs)        000FF0
_INTCONbits                              (abs)        000FF2
_InterruptManagerHigh                    intcode      000008
_PORTBbits                               (abs)        000F81
_RB4_ISR                                 text10       001954
_RB4_InterruptHandler_HIGH               bssCOMRAM    00003C
_RB4_InterruptHandler_LOW                bssCOMRAM    000044
_RB4_enter                               dataCOMRAM   000018
_RB5_ISR                                 text9        0018C4
_RB5_InterruptHandler_HIGH               bssCOMRAM    00003A
_RB5_InterruptHandler_LOW                bssCOMRAM    000042
_RB5_enter                               dataCOMRAM   000017
_RB6_ISR                                 text8        001834
_RB6_InterruptHandler_HIGH               bssCOMRAM    000038
_RB6_InterruptHandler_LOW                bssCOMRAM    000040
_RB6_enter                               dataCOMRAM   000016
_RB7_ISR                                 text7        0017A4
_RB7_InterruptHandler_HIGH               bssCOMRAM    000036
_RB7_InterruptHandler_LOW                bssCOMRAM    00003E
_RB7_enter                               dataCOMRAM   000015
__HRAM                                   (abs)        000000
__H__absolute__                          __absolute__ 000000
__Habs1                                  abs1         000000
__Hbank0                                 bank0        000000
__Hbank1                                 bank1        000000
__Hbank10                                bank10       000000
__Hbank11                                bank11       000000
__Hbank12                                bank12       000000
__Hbank13                                bank13       000000
__Hbank14                                bank14       000000
__Hbank15                                bank15       000000
__Hbank2                                 bank2        000000
__Hbank3                                 bank3        000000
__Hbank4                                 bank4        000000
__Hbank5                                 bank5        000000
__Hbank6                                 bank6        000000
__Hbank7                                 bank7        000000
__Hbank8                                 bank8        000000
__Hbank9                                 bank9        000000
__Hbigbss                                bigbss       000000
__Hbigdata                               bigdata      000000
__Hbigram                                bigram       000000
__Hbigsfr                                bigsfr       000000
__Hbss                                   bss          000000
__HbssCOMRAM                             bssCOMRAM    000000
__Hcinit                                 cinit        000000
__Hclrtext                               clrtext      000000
__Hcomram                                comram       000000
__Hconfig                                config       30000E
__Hconst                                 const        000000
__HcstackBANK0                           cstackBANK0  000000
__HcstackCOMRAM                          cstackCOMRAM 000000
__Hdata                                  data         000000
__HdataBANK0                             dataBANK0    000000
__HdataCOMRAM                            dataCOMRAM   000000
__Heeprom_data                           eeprom_data  000000
__Hfarbss                                farbss       000000
__Hfardata                               fardata      000000
__Hheap                                  heap         000000
__Hibigdata                              ibigdata     000000
__Hidata                                 idata        000000
__HidataBANK0                            idataBANK0   000000
__HidataCOMRAM                           idataCOMRAM  000000
__Hidloc                                 idloc        000000
__Hifardata                              ifardata     000000
__Hinit                                  init         000012
__Hintcode                               intcode      00000E
__Hintcode_body                          intcode_body 000000
__Hintcodelo                             intcodelo    00000E
__Hintentry                              intentry     000000
__Hintret                                intret       000000
__Hintsave_regs                          intsave_regs 000000
__Hirdata                                irdata       000000
__Hmediumconst                           mediumconst  000000
__HnvFARRAM                              nvFARRAM     000000
__Hnvbit                                 nvbit        000000
__Hnvrram                                nvrram       000000
__Hparam                                 rparam       000000
__Hpowerup                               powerup      00000E
__Hram                                   ram          000000
__Hramtop                                ramtop       001000
__Hrbit                                  rbit         000000
__Hrbss                                  rbss         000000
__Hrdata                                 rdata        000000
__Hreset_vec                             reset_vec    000004
__Hrparam                                rparam       000000
__Hsfr                                   sfr          000000
__Hsmallconst                            smallconst   001012
__Hspace_0                               (abs)        001D00
__Hspace_1                               (abs)        0000A8
__Hspace_2                               (abs)        000000
__Hspace_4                               (abs)        60000E
__Hstack                                 stack        000000
__Hstruct                                struct       000000
__Htemp                                  temp         000070
__Htext                                  text         000000
__Htext0                                 text0        000000
__Htext1                                 text1        000000
__Htext10                                text10       000000
__Htext11                                text11       000000
__Htext12                                text12       000000
__Htext13                                text13       000000
__Htext14                                text14       000000
__Htext15                                text15       000000
__Htext16                                text16       000000
__Htext17                                text17       000000
__Htext18                                text18       000000
__Htext19                                text19       000000
__Htext2                                 text2        000000
__Htext20                                text20       000000
__Htext21                                text21       000000
__Htext22                                text22       000000
__Htext23                                text23       000000
__Htext24                                text24       000000
__Htext25                                text25       000000
__Htext3                                 text3        000000
__Htext4                                 text4        000000
__Htext5                                 text5        000000
__Htext7                                 text7        000000
__Htext8                                 text8        000000
__Htext9                                 text9        000000
__LRAM                                   (abs)        000001
__L__absolute__                          __absolute__ 000000
__Labs1                                  abs1         000000
__Lbank0                                 bank0        000000
__Lbank1                                 bank1        000000
__Lbank10                                bank10       000000
__Lbank11                                bank11       000000
__Lbank12                                bank12       000000
__Lbank13                                bank13       000000
__Lbank14                                bank14       000000
__Lbank15                                bank15       000000
__Lbank2                                 bank2        000000
__Lbank3                                 bank3        000000
__Lbank4                                 bank4        000000
__Lbank5                                 bank5        000000
__Lbank6                                 bank6        000000
__Lbank7                                 bank7        000000
__Lbank8                                 bank8        000000
__Lbank9                                 bank9        000000
__Lbigbss                                bigbss       000000
__Lbigdata                               bigdata      000000
__Lbigram                                bigram       000000
__Lbigsfr                                bigsfr       000000
__Lbss                                   bss          000000
__LbssCOMRAM                             bssCOMRAM    000000
__Lcinit                                 cinit        000000
__Lclrtext                               clrtext      000000
__Lcomram                                comram       000000
__Lconfig                                config       000000
__Lconst                                 const        000000
__LcstackBANK0                           cstackBANK0  000000
__LcstackCOMRAM                          cstackCOMRAM 000000
__Ldata                                  data         000000
__LdataBANK0                             dataBANK0    000000
__LdataCOMRAM                            dataCOMRAM   000000
__Leeprom_data                           eeprom_data  000000
__Lfarbss                                farbss       000000
__Lfardata                               fardata      000000
__Lheap                                  heap         000000
__Libigdata                              ibigdata     000000
__Lidata                                 idata        000000
__LidataBANK0                            idataBANK0   000000
__LidataCOMRAM                           idataCOMRAM  000000
__Lidloc                                 idloc        000000
__Lifardata                              ifardata     000000
__Linit                                  init         00000E
__Lintcode                               intcode      000008
__Lintcode_body                          intcode_body 000000
__Lintcodelo                             intcodelo    00000E
__Lintentry                              intentry     000000
__Lintret                                intret       000000
__Lintsave_regs                          intsave_regs 000000
__Lirdata                                irdata       000000
__Lmediumconst                           mediumconst  000000
__LnvFARRAM                              nvFARRAM     000000
__Lnvbit                                 nvbit        000000
__Lnvrram                                nvrram       000000
__Lparam                                 rparam       000000
__Lpowerup                               powerup      00000E
__Lram                                   ram          000000
__Lramtop                                ramtop       001000
__Lrbit                                  rbit         000000
__Lrbss                                  rbss         000000
__Lrdata                                 rdata        000000
__Lreset_vec                             reset_vec    000000
__Lrparam                                rparam       000000
__Lsfr                                   sfr          000000
__Lsmallconst                            smallconst   001000
__Lspace_0                               (abs)        000000
__Lspace_1                               (abs)        000000
__Lspace_2                               (abs)        000000
__Lspace_4                               (abs)        000000
__Lstack                                 stack        000000
__Lstruct                                struct       000000
__Ltemp                                  temp         00006F
__Ltext                                  text         000000
__Ltext0                                 text0        000000
__Ltext1                                 text1        000000
__Ltext10                                text10       000000
__Ltext11                                text11       000000
__Ltext12                                text12       000000
__Ltext13                                text13       000000
__Ltext14                                text14       000000
__Ltext15                                text15       000000
__Ltext16                                text16       000000
__Ltext17                                text17       000000
__Ltext18                                text18       000000
__Ltext19                                text19       000000
__Ltext2                                 text2        000000
__Ltext20                                text20       000000
__Ltext21                                text21       000000
__Ltext22                                text22       000000
__Ltext23                                text23       000000
__Ltext24                                text24       000000
__Ltext25                                text25       000000
__Ltext3                                 text3        000000
__Ltext4                                 text4        000000
__Ltext5                                 text5        000000
__Ltext7                                 text7        000000
__Ltext8                                 text8        000000
__Ltext9                                 text9        000000
__S0                                     (abs)        001D00
__S1                                     (abs)        0000A8
__S4                                     (abs)        000000
__S5                                     (abs)        000000
___heap_hi                               (abs)        000000
___heap_lo                               (abs)        000000
___inthi_sp                              stack        000000
___inthi_stack_hi                        stack        000000
___inthi_stack_lo                        stack        000000
___intlo_sp                              stack        000000
___intlo_stack_hi                        stack        000000
___intlo_stack_lo                        stack        000000
___param_bank                            (abs)        000000
___rparam_used                           (abs)        000001
___sp                                    stack        000000
___stack_hi                              stack        000000
___stack_lo                              stack        000000
__accesstop                              (abs)        000080
__activetblptr                           (abs)        000003
__end_of_EXTI0_ISR                       text24       001D00
__end_of_EXTI1_ISR                       text23       001CFC
__end_of_EXTI2_ISR                       text22       001CF8
__end_of_InterruptManagerHigh            intcode_body 0012F4
__end_of_RB4_ISR                         text10       0019E4
__end_of_RB5_ISR                         text9        001954
__end_of_RB6_ISR                         text8        0018C4
__end_of_RB7_ISR                         text7        001834
__end_of__initialization                 cinit        001BF6
__end_of_btn_values                      smallconst   001011
__end_of_gpio_pin_direction_initalize    text5        00143C
__end_of_gpio_pin_initalize              text2        001C44
__end_of_gpio_pin_write_logic            text3        00156E
__end_of_interrupt_RBx_Init              text4        0017A4
__end_of_led_initalize                   text1        001A5A
__end_of_led_turn_off                    text19       001ACE
__end_of_led_turn_on                     text20       001B42
__end_of_main                            text0        001BAA
__end_of_toggleLED2_High                 text17       001CE8
__end_of_toggleLED2_Low                  text13       001CB8
__end_of_toggleLED3_High                 text16       001CDC
__end_of_toggleLED3_Low                  text12       001CAC
__end_of_toggleLED4_High                 text15       001CD0
__end_of_toggleLED4_Low                  text11       001CA0
__end_of_toggleLED_High                  text18       001CF4
__end_of_toggleLED_Low                   text14       001CC4
__end_ofi2_gpio_pin_write_logic          text21       001690
__initialization                         cinit        001BAA
__mediumconst                            mediumconst  000000
__pbssCOMRAM                             bssCOMRAM    000036
__pcinit                                 cinit        001BAA
__pcstackBANK0                           cstackBANK0  00009A
__pcstackCOMRAM                          cstackCOMRAM 00005B
__pdataBANK0                             dataBANK0    000080
__pdataCOMRAM                            dataCOMRAM   000001
__pidataBANK0                            idataBANK0   001C79
__pidataCOMRAM                           idataCOMRAM  001C44
__pintcode                               intcode      000008
__pintcode_body                          intcode_body 001012
__psmallconst                            smallconst   001000
__ptext0                                 text0        001B42
__ptext1                                 text1        0019E4
__ptext10                                text10       001954
__ptext11                                text11       001C94
__ptext12                                text12       001CA0
__ptext13                                text13       001CAC
__ptext14                                text14       001CB8
__ptext15                                text15       001CC4
__ptext16                                text16       001CD0
__ptext17                                text17       001CDC
__ptext18                                text18       001CE8
__ptext19                                text19       001A5A
__ptext2                                 text2        001C00
__ptext20                                text20       001ACE
__ptext21                                text21       00156E
__ptext22                                text22       001CF4
__ptext23                                text23       001CF8
__ptext24                                text24       001CFC
__ptext25                                text25       000000
__ptext3                                 text3        00143C
__ptext4                                 text4        001690
__ptext5                                 text5        0012F4
__ptext7                                 text7        0017A4
__ptext8                                 text8        001834
__ptext9                                 text9        0018C4
__ramtop                                 ramtop       001000
__smallconst                             smallconst   001000
_btn_values                              smallconst   001001
_gpio_pin_direction_initalize            text5        0012F4
_gpio_pin_initalize                      text2        001C00
_gpio_pin_write_logic                    text3        00143C
_int0                                    dataCOMRAM   00002C
_int1                                    dataCOMRAM   000026
_int2                                    dataCOMRAM   000020
_int3                                    dataCOMRAM   00001A
_interrupt_RBx_Init                      text4        001690
_lat_registers                           dataCOMRAM   000001
_lcd_4bit                                dataBANK0    000094
_lcd_8bit                                dataBANK0    00008A
_led1                                    dataCOMRAM   000035
_led2                                    dataCOMRAM   000034
_led3                                    dataCOMRAM   000033
_led4                                    dataCOMRAM   000032
_led_initalize                           text1        0019E4
_led_turn_off                            text19       001A5A
_led_turn_on                             text20       001ACE
_main                                    text0        001B42
_port_registers                          dataBANK0    000080
_ret                                     dataCOMRAM   000019
_toggleLED2_High                         text17       001CDC
_toggleLED2_Low                          text13       001CAC
_toggleLED3_High                         text16       001CD0
_toggleLED3_Low                          text12       001CA0
_toggleLED4_High                         text15       001CC4
_toggleLED4_Low                          text11       001C94
_toggleLED_High                          text18       001CE8
_toggleLED_Low                           text14       001CB8
_tris_registers                          dataCOMRAM   00000B
btemp                                    temp         00006F
dc_motor_initialize@F2890                bssCOMRAM    00005A
dc_motor_initialize@F2892                bssCOMRAM    000059
dc_motor_move_left@F2904                 bssCOMRAM    000056
dc_motor_move_left@F2906                 bssCOMRAM    000055
dc_motor_move_right@F2897                bssCOMRAM    000058
dc_motor_move_right@F2899                bssCOMRAM    000057
dc_motor_stop@F2911                      bssCOMRAM    000054
dc_motor_stop@F2913                      bssCOMRAM    000053
end_of_initialization                    cinit        001BF6
gpio_pin_direction_initalize@_pin_config cstackBANK0  00009A
gpio_pin_direction_initalize@status      cstackBANK0  0000A0
gpio_pin_initalize@_pin_config           cstackBANK0  0000A2
gpio_pin_initalize@ret                   cstackBANK0  0000A3
gpio_pin_write_logic@_pin_config         cstackBANK0  00009A
gpio_pin_write_logic@logic               cstackBANK0  00009B
gpio_pin_write_logic@status              cstackBANK0  0000A1
i2_gpio_pin_write_logic                  text21       00156E
i2gpio_pin_write_logic@_pin_config       cstackCOMRAM 00005B
i2gpio_pin_write_logic@logic             cstackCOMRAM 00005C
int$flags                                temp         00006F
int_func                                 intcode_body 001012
interrupt_RBx_Init@int_obj               cstackBANK0  0000A1
interrupt_RBx_Init@ret                   cstackBANK0  0000A4
intlevel0                                text         000000
intlevel1                                text         000000
intlevel2                                text         000000
intlevel3                                text         000000
isa$std                                  (abs)        000001
isa$xinst                                (abs)        000000
led_initalize@F2891                      bssCOMRAM    000052
led_initalize@led                        cstackBANK0  0000A4
led_initalize@pin_init                   cstackBANK0  0000A7
led_initalize@status                     cstackBANK0  0000A6
led_toggle@F2906                         bssCOMRAM    00004F
led_turn_off@F2901                       bssCOMRAM    000050
led_turn_off@led                         cstackCOMRAM 000062
led_turn_off@pin_init                    cstackCOMRAM 000065
led_turn_off@status                      cstackCOMRAM 000064
led_turn_on@F2896                        bssCOMRAM    000051
led_turn_on@led                          cstackCOMRAM 000062
led_turn_on@pin_init                     cstackCOMRAM 000065
led_turn_on@status                       cstackCOMRAM 000064
relay_initialize@F2885                   bssCOMRAM    00004E
relay_turn_off@F2895                     bssCOMRAM    00004C
relay_turn_on@F2890                      bssCOMRAM    00004D
stackhi                                  (abs)        000000
stacklo                                  (abs)        000000
start                                    init         00000E
start_initialization                     cinit        001BAA
ttemp5                                   temp         000070
ttemp6                                   temp         000073
ttemp7                                   temp         000077
wtemp8                                   temp         000070


MODULE INFORMATION

Module		Function		Class		Link	Load	Size
MCAL_layer/GPIO/hal_gpio.c
		_gpio_pin_write_logic		CODE           	143C	0000	306
		_gpio_pin_initalize		CODE           	1C00	0000	68
		_gpio_pin_direction_initalize		CODE           	12F4	0000	328

MCAL_layer/GPIO/hal_gpio.c estimated size: 702

MCAL_layer/interrupt/mcal_interrupt_manager.c
		_InterruptManagerHigh		CODE           	0008	0000	744

MCAL_layer/interrupt/mcal_interrupt_manager.c estimated size: 744

MCAL_layer/interrupt/mcal_external_interrupt.c
		_EXTI2_ISR     		CODE           	1CF4	0000	4
		_interrupt_RBx_Init		CODE           	1690	0000	276
		_RB4_ISR       		CODE           	1954	0000	144
		_RB5_ISR       		CODE           	18C4	0000	144
		_RB6_ISR       		CODE           	1834	0000	144
		_RB7_ISR       		CODE           	17A4	0000	144
		_EXTI0_ISR     		CODE           	1CFC	0000	4
		_EXTI1_ISR     		CODE           	1CF8	0000	4

MCAL_layer/interrupt/mcal_external_interrupt.c estimated size: 864

shared
		_btn_values    		SMALLCONST     	1001	0000	16
		__initialization		CODE           	1BAA	0000	76
		i2_gpio_pin_write_logic		CODE           	156E	0000	290

shared estimated size: 382

ECU_layer/LED/ecu_led.c
		_led_initalize 		CODE           	19E4	0000	118
		_led_turn_on   		CODE           	1ACE	0000	116
		_led_turn_off  		CODE           	1A5A	0000	116

ECU_layer/LED/ecu_led.c estimated size: 350

application.c
		_toggleLED2_High		CODE           	1CDC	0000	12
		_toggleLED3_High		CODE           	1CD0	0000	12
		_toggleLED4_High		CODE           	1CC4	0000	12
		_main          		CODE           	1B42	0000	104
		_toggleLED_Low 		CODE           	1CB8	0000	12
		_toggleLED_High		CODE           	1CE8	0000	12
		_toggleLED2_Low		CODE           	1CAC	0000	12
		_toggleLED3_Low		CODE           	1CA0	0000	12
		_toggleLED4_Low		CODE           	1C94	0000	12

application.c estimated size: 200

