Microchip MPLAB XC8 Compiler V2.45

Linker command line:

-W-3 --edf=D:\ME\EE\career\tools\xc8\v2.45\pic\dat\20230818022343_en.msgs \
  -cn -h+dist/default/debug\PIC18F4620Drivers.X.debug.sym \
  --cmf=dist/default/debug\PIC18F4620Drivers.X.debug.cmf -z -Q18F4620 \
  -oC:\Users\User\AppData\Local\Temp\xcAsld4.\driver_tmp_3.o \
  --defsym=__MPLAB_BUILD=1 --fixupoverflow=error \
  -Mdist/default/debug/PIC18F4620Drivers.X.debug.map \
  --md=C:\Users\User\AppData\Local\Temp\xcAsld4.\driver_tmp_0.dat -E1 \
  -ver=XC8 Compiler --acfsm=1493 -ACODE=00h-0FFFFh -ACONST=00h-0FFFFh \
  -ASMALLCONST=01000h-010FFhx240 -AMEDIUMCONST=01000h-0FFFFh \
  -ACOMRAM=01h-07Fh -AABS1=00h-0F7Fh -ABIGRAM=01h-0F7Fh \
  -ARAM=080h-0FFh,0100h-01FFhx14,0F00h-0F7Fh -ABANK0=080h-0FFh \
  -ABANK1=0100h-01FFh -ABANK2=0200h-02FFh -ABANK3=0300h-03FFh \
  -ABANK4=0400h-04FFh -ABANK5=0500h-05FFh -ABANK6=0600h-06FFh \
  -ABANK7=0700h-07FFh -ABANK8=0800h-08FFh -ABANK9=0900h-09FFh \
  -ABANK10=0A00h-0AFFh -ABANK11=0B00h-0BFFh -ABANK12=0C00h-0CFFh \
  -ABANK13=0D00h-0DFFh -ABANK14=0E00h-0EFFh -ABANK15=0F00h-0F7Fh \
  -ASFR=0F80h-0FFFh -ABIGSFR=0F80h-0FFFh -ACONFIG=0300000h-030000Dh \
  -AIDLOC=0200000h-0200007h -AEEDATA=0F00000h-0F003FFh -peeprom_data=EEDATA \
  -preset_vec=00h,intcode=08h,intcodelo,powerup,init -pramtop=01000h \
  -psmallconst=SMALLCONST -pmediumconst=MEDIUMCONST -pconst=CONST \
  -AFARRAM=00h-00h \
  -prdata=COMRAM,nvrram=COMRAM,nvbit=COMRAM,rbss=COMRAM,rbit=COMRAM \
  -pfarbss=FARRAM,fardata=FARRAM,nvFARRAM=FARRAM \
  -pintsave_regs=BIGRAM,bigbss=BIGRAM,bigdata=BIGRAM -pbss=RAM \
  -pidata=CODE,irdata=CODE,ibigdata=CODE,ifardata=CODE -prparam=COMRAM \
  C:\Users\User\AppData\Local\Temp\xcAsld4.\driver_tmp_9.o \
  dist/default/debug\PIC18F4620Drivers.X.debug.o 

Object code version is 3.11

Machine type is 18F4620



                Name                               Link     Load   Length Selector   Space Scale
C:\Users\User\AppData\Local\Temp\xcAsld4.\driver_tmp_9.o
                config                           300000   300000        E        0       4
                init                                  E        E        4        4       0
                reset_vec                             0        0        4        0       0
dist/default/debug\PIC18F4620Drivers.X.debug.o
                intcode                               8        8        6        4       0
                config                           300000   300000        E        0       4
                temp                                 7A       7A        1        1       1
                smallconst                         1000     1000       12      800       0
                text20                             2C32     2C32        4      809       0
                text19                             2C2E     2C2E        4      809       0
                text18                             2C2A     2C2A        4      809       0
                text17                             2BC6     2BC6       38      809       0
                text16                             2B8E     2B8E       38      809       0
                text15                             2B56     2B56       38      809       0
                text14                             2B1E     2B1E       38      809       0
                text13                             2C1A     2C1A        C      809       0
                text12                             2C0C     2C0C        E      809       0
                text11                             2BFE     2BFE        E      809       0
                intcode_body                       21BE     21BE      35E      809       0
                text9                              153A     153A      4C0      809       0
                text8                              1E24     1E24      39A      809       0
                text7                              19FA     19FA      42A      809       0
                text6                              282A     282A      106      809       0
                text5                              251C     251C      1B4      809       0
                text4                              1012     1012      528      809       0
                text3                              26D0     26D0      15A      809       0
                text2                              29A8     29A8       68      809       0
                text1                              2930     2930       78      809       0
                text0                              2A10     2A10       64      809       0
                cstackCOMRAM                          1        1       64        1       1
                cstackBANK0                          F1       F1        9       80       1
                dataBANK0                            80       80       48       80       1
                bssBANK0                             C8       C8       29       80       1
                dataCOMRAM                           76       76        4        1       1
                bssCOMRAM                            65       65       11        1       1
                cinit                              2A74     2A74       62      809       0
                idataBANK0                         2AD6     2AD6       48      809       0
                idataCOMRAM                        2C26     2C26        4      809       0

TOTAL           Name                               Link     Load   Length     Space
        CLASS   CODE           
                intcode                               8        8        6         0
                init                                  E        E        4         0
                reset_vec                             0        0        4         0
                text20                             2C32     2C32        4         0
                text19                             2C2E     2C2E        4         0
                text18                             2C2A     2C2A        4         0
                text17                             2BC6     2BC6       38         0
                text16                             2B8E     2B8E       38         0
                text15                             2B56     2B56       38         0
                text14                             2B1E     2B1E       38         0
                text13                             2C1A     2C1A        C         0
                text12                             2C0C     2C0C        E         0
                text11                             2BFE     2BFE        E         0
                intcode_body                       21BE     21BE      35E         0
                text9                              153A     153A      4C0         0
                text8                              1E24     1E24      39A         0
                text7                              19FA     19FA      42A         0
                text6                              282A     282A      106         0
                text5                              251C     251C      1B4         0
                text4                              1012     1012      528         0
                text3                              26D0     26D0      15A         0
                text2                              29A8     29A8       68         0
                text1                              2930     2930       78         0
                text0                              2A10     2A10       64         0
                cinit                              2A74     2A74       62         0
                idataBANK0                         2AD6     2AD6       48         0
                idataCOMRAM                        2C26     2C26        4         0

        CLASS   CONST          

        CLASS   SMALLCONST     
                smallconst                         1000     1000       12         0

        CLASS   MEDIUMCONST    

        CLASS   COMRAM         
                temp                                 7A       7A        1         1
                cstackCOMRAM                          1        1       64         1
                dataCOMRAM                           76       76        4         1
                bssCOMRAM                            65       65       11         1

        CLASS   ABS1           

        CLASS   BIGRAM         

        CLASS   RAM            

        CLASS   BANK0          
                cstackBANK0                          F1       F1        9         1
                dataBANK0                            80       80       48         1
                bssBANK0                             C8       C8       29         1

        CLASS   BANK1          

        CLASS   BANK2          

        CLASS   BANK3          

        CLASS   BANK4          

        CLASS   BANK5          

        CLASS   BANK6          

        CLASS   BANK7          

        CLASS   BANK8          

        CLASS   BANK9          

        CLASS   BANK10         

        CLASS   BANK11         

        CLASS   BANK12         

        CLASS   BANK13         

        CLASS   BANK14         

        CLASS   BANK15         

        CLASS   SFR            

        CLASS   BIGSFR         

        CLASS   CONFIG         
                config                           300000   300000        E         4

        CLASS   IDLOC          

        CLASS   EEDATA         

        CLASS   FARRAM         

        CLASS   HEAP           

        CLASS   STACK          



SEGMENTS        Name                           Load    Length   Top    Selector   Space  Class

                reset_vec                      000000  000004  000004         0       0  CODE    
                cstackCOMRAM                   000001  00007A  00007B         1       1  COMRAM  
                intcode                        000008  00000A  000012         4       0  CODE    
                dataBANK0                      000080  00007A  0000FA        80       1  BANK0   
                smallconst                     001000  000012  001012       800       0  SMALLCON
                text4                          001012  001C24  002C36       809       0  CODE    


UNUSED ADDRESS RANGES

        Name                Unused          Largest block    Delta
        BANK0            0000FA-0000FF                6
        BANK1            000100-0001FF              100
        BANK10           000A00-000AFF              100
        BANK11           000B00-000BFF              100
        BANK12           000C00-000CFF              100
        BANK13           000D00-000DFF              100
        BANK14           000E00-000EFF              100
        BANK15           000F00-000F7F               80
        BANK2            000200-0002FF              100
        BANK3            000300-0003FF              100
        BANK4            000400-0004FF              100
        BANK5            000500-0005FF              100
        BANK6            000600-0006FF              100
        BANK7            000700-0007FF              100
        BANK8            000800-0008FF              100
        BANK9            000900-0009FF              100
        BIGRAM           00007B-00007F                5
                         0000FA-000F7F              E86
        BIGSFR           000F80-000FFF               80
        CODE             000004-000007                4
                         000012-000FFF              FEE
                         002C36-00FFFF             D3CA
        COMRAM           00007B-00007F                5
        CONST            000004-000007                4
                         000012-000FFF              FEE
                         002C36-00FFFF             D3CA
        EEDATA           F00000-F003FF              400
        IDLOC            200000-200007                8
        MEDIUMCONST      002C36-00FFFF             D3CA
        RAM              0000FA-000F7F              100
        SFR              000F80-000FFF               80
        SMALLCONST       002C36-00FFFF              100

                                  Symbol Table

?___fladd                              cstackCOMRAM 000044
?___fldiv                              cstackCOMRAM 000012
?___flmul                              cstackCOMRAM 00002B
?___fltol                              cstackCOMRAM 000054
?___xxtofl                             cstackCOMRAM 000004
CCP_Init@_ccp_obj                      cstackCOMRAM 00005E
CCP_Init@ret                           cstackBANK0  0000F9
CCP_PWM_Set_Duty@_ccp_obj              cstackCOMRAM 00005E
CCP_PWM_Set_Duty@_duty                 cstackCOMRAM 00005F
CCP_PWM_Set_Duty@reg                   cstackCOMRAM 000063
CCP_PWM_Set_Duty@ret                   cstackCOMRAM 000062
CCP_PWM_Start@_ccp_obj                 cstackCOMRAM 000004
CCP_PWM_Start@ret                      cstackCOMRAM 000007
RB4_ISR@RB4_Int                        cstackCOMRAM 000003
RB5_ISR@RB5_Int                        cstackCOMRAM 000003
RB6_ISR@RB6_Int                        cstackCOMRAM 000003
RB7_ISR@RB7_Int                        cstackCOMRAM 000003
_ADCON0bits                            (abs)        000FC2
_ADCON1bits                            (abs)        000FC1
_ADCON2bits                            (abs)        000FC0
_ADRESH                                (abs)        000FC4
_ADRESL                                (abs)        000FC3
_CCP1CONbits                           (abs)        000FBD
_CCP1_OVF_INTERRUPT_HANDELER           bssBANK0     0000CA
_CCP2CONbits                           (abs)        000FBA
_CCP2_OVF_INTERRUPT_HANDELER           bssBANK0     0000C8
_CCPR1L                                (abs)        000FBE
_CCPR2L                                (abs)        000FBB
_CCP_Init                              text4        001012
_CCP_Init$4081                         cstackBANK0  0000F1
_CCP_Init$4082                         cstackBANK0  0000F5
_CCP_PWM_Set_Duty                      text3        0026D0
_CCP_PWM_Start                         text2        0029A8
_EECON1bits                            (abs)        000FA6
_EXTI0_ISR                             text20       002C32
_EXTI0_InterruptHandler                bssBANK0     0000EE
_EXTI1_ISR                             text19       002C2E
_EXTI1_InterruptHandler                bssBANK0     0000EC
_EXTI2_ISR                             text18       002C2A
_EXTI2_InterruptHandler                bssBANK0     0000EA
_GlobalPreLoad                         bssBANK0     0000F0
_INTCON2bits                           (abs)        000FF1
_INTCON3bits                           (abs)        000FF0
_INTCONbits                            (abs)        000FF2
_InterruptManagerHigh                  intcode      000008
_PIE1bits                              (abs)        000F9D
_PIE2bits                              (abs)        000FA0
_PIR1bits                              (abs)        000F9E
_PIR2bits                              (abs)        000FA1
_PORTBbits                             (abs)        000F81
_PR2                                   (abs)        000FCB
_RB4_ISR                               text17       002BC6
_RB4_InterruptHandler_HIGH             bssBANK0     0000E0
_RB4_InterruptHandler_LOW              bssBANK0     0000E8
_RB4_enter                             dataCOMRAM   000079
_RB5_ISR                               text16       002B8E
_RB5_InterruptHandler_HIGH             bssBANK0     0000DE
_RB5_InterruptHandler_LOW              bssBANK0     0000E6
_RB5_enter                             dataCOMRAM   000078
_RB6_ISR                               text15       002B56
_RB6_InterruptHandler_HIGH             bssBANK0     0000DC
_RB6_InterruptHandler_LOW              bssBANK0     0000E4
_RB6_enter                             dataCOMRAM   000077
_RB7_ISR                               text14       002B1E
_RB7_InterruptHandler_HIGH             bssBANK0     0000DA
_RB7_InterruptHandler_LOW              bssBANK0     0000E2
_RB7_enter                             dataCOMRAM   000076
_T0CONbits                             (abs)        000FD5
_T1CONbits                             (abs)        000FCD
_T2CONbits                             (abs)        000FCA
_T3CONbits                             (abs)        000FB1
_TIMER0_INTERRUTP_HANDELER             bssBANK0     0000D8
_TIMER0_ISR                            text13       002C1A
_TIMER1_OVF_INTERRUPT_HANDELER         bssBANK0     0000D6
_TIMER1_OVF_ISR                        text12       002C0C
_TIMER3_OVF_INTERRUPT_HANDELER         bssBANK0     0000CE
_TIMER3_OVF_ISR                        text11       002BFE
_TMR0H                                 (abs)        000FD7
_TMR0L                                 (abs)        000FD6
_TMR1H                                 (abs)        000FCF
_TMR1L                                 (abs)        000FCE
_TMR2                                  (abs)        000FCC
_TMR3H                                 (abs)        000FB3
_TMR3L                                 (abs)        000FB2
_TRISCbits                             (abs)        000F94
_Timer1Preload                         bssBANK0     0000D4
_Timer3Preload                         bssBANK0     0000CC
__HRAM                                 (abs)        000000
__H__absolute__                        __absolute__ 000000
__Habs1                                abs1         000000
__Hbank0                               bank0        000000
__Hbank1                               bank1        000000
__Hbank10                              bank10       000000
__Hbank11                              bank11       000000
__Hbank12                              bank12       000000
__Hbank13                              bank13       000000
__Hbank14                              bank14       000000
__Hbank15                              bank15       000000
__Hbank2                               bank2        000000
__Hbank3                               bank3        000000
__Hbank4                               bank4        000000
__Hbank5                               bank5        000000
__Hbank6                               bank6        000000
__Hbank7                               bank7        000000
__Hbank8                               bank8        000000
__Hbank9                               bank9        000000
__Hbigbss                              bigbss       000000
__Hbigdata                             bigdata      000000
__Hbigram                              bigram       000000
__Hbigsfr                              bigsfr       000000
__Hbss                                 bss          000000
__HbssBANK0                            bssBANK0     000000
__HbssCOMRAM                           bssCOMRAM    000000
__Hcinit                               cinit        000000
__Hclrtext                             clrtext      000000
__Hcomram                              comram       000000
__Hconfig                              config       30000E
__Hconst                               const        000000
__HcstackBANK0                         cstackBANK0  000000
__HcstackCOMRAM                        cstackCOMRAM 000000
__Hdata                                data         000000
__HdataBANK0                           dataBANK0    000000
__HdataCOMRAM                          dataCOMRAM   000000
__Heeprom_data                         eeprom_data  000000
__Hfarbss                              farbss       000000
__Hfardata                             fardata      000000
__Hheap                                heap         000000
__Hibigdata                            ibigdata     000000
__Hidata                               idata        000000
__HidataBANK0                          idataBANK0   000000
__HidataCOMRAM                         idataCOMRAM  000000
__Hidloc                               idloc        000000
__Hifardata                            ifardata     000000
__Hinit                                init         000012
__Hintcode                             intcode      00000E
__Hintcode_body                        intcode_body 000000
__Hintcodelo                           intcodelo    00000E
__Hintentry                            intentry     000000
__Hintret                              intret       000000
__Hintsave_regs                        intsave_regs 000000
__Hirdata                              irdata       000000
__Hmediumconst                         mediumconst  000000
__HnvFARRAM                            nvFARRAM     000000
__Hnvbit                               nvbit        000000
__Hnvrram                              nvrram       000000
__Hparam                               rparam       000000
__Hpowerup                             powerup      00000E
__Hram                                 ram          000000
__Hramtop                              ramtop       001000
__Hrbit                                rbit         000000
__Hrbss                                rbss         000000
__Hrdata                               rdata        000000
__Hreset_vec                           reset_vec    000004
__Hrparam                              rparam       000000
__Hsfr                                 sfr          000000
__Hsmallconst                          smallconst   001012
__Hspace_0                             (abs)        002C36
__Hspace_1                             (abs)        0000FA
__Hspace_2                             (abs)        000000
__Hspace_4                             (abs)        60000E
__Hstack                               stack        000000
__Hstruct                              struct       000000
__Htemp                                temp         00007B
__Htext                                text         000000
__Htext0                               text0        000000
__Htext1                               text1        000000
__Htext11                              text11       000000
__Htext12                              text12       000000
__Htext13                              text13       000000
__Htext14                              text14       000000
__Htext15                              text15       000000
__Htext16                              text16       000000
__Htext17                              text17       000000
__Htext18                              text18       000000
__Htext19                              text19       000000
__Htext2                               text2        000000
__Htext20                              text20       000000
__Htext3                               text3        000000
__Htext4                               text4        000000
__Htext5                               text5        000000
__Htext6                               text6        000000
__Htext7                               text7        000000
__Htext8                               text8        000000
__Htext9                               text9        000000
__LRAM                                 (abs)        000001
__L__absolute__                        __absolute__ 000000
__Labs1                                abs1         000000
__Lbank0                               bank0        000000
__Lbank1                               bank1        000000
__Lbank10                              bank10       000000
__Lbank11                              bank11       000000
__Lbank12                              bank12       000000
__Lbank13                              bank13       000000
__Lbank14                              bank14       000000
__Lbank15                              bank15       000000
__Lbank2                               bank2        000000
__Lbank3                               bank3        000000
__Lbank4                               bank4        000000
__Lbank5                               bank5        000000
__Lbank6                               bank6        000000
__Lbank7                               bank7        000000
__Lbank8                               bank8        000000
__Lbank9                               bank9        000000
__Lbigbss                              bigbss       000000
__Lbigdata                             bigdata      000000
__Lbigram                              bigram       000000
__Lbigsfr                              bigsfr       000000
__Lbss                                 bss          000000
__LbssBANK0                            bssBANK0     000000
__LbssCOMRAM                           bssCOMRAM    000000
__Lcinit                               cinit        000000
__Lclrtext                             clrtext      000000
__Lcomram                              comram       000000
__Lconfig                              config       000000
__Lconst                               const        000000
__LcstackBANK0                         cstackBANK0  000000
__LcstackCOMRAM                        cstackCOMRAM 000000
__Ldata                                data         000000
__LdataBANK0                           dataBANK0    000000
__LdataCOMRAM                          dataCOMRAM   000000
__Leeprom_data                         eeprom_data  000000
__Lfarbss                              farbss       000000
__Lfardata                             fardata      000000
__Lheap                                heap         000000
__Libigdata                            ibigdata     000000
__Lidata                               idata        000000
__LidataBANK0                          idataBANK0   000000
__LidataCOMRAM                         idataCOMRAM  000000
__Lidloc                               idloc        000000
__Lifardata                            ifardata     000000
__Linit                                init         00000E
__Lintcode                             intcode      000008
__Lintcode_body                        intcode_body 000000
__Lintcodelo                           intcodelo    00000E
__Lintentry                            intentry     000000
__Lintret                              intret       000000
__Lintsave_regs                        intsave_regs 000000
__Lirdata                              irdata       000000
__Lmediumconst                         mediumconst  000000
__LnvFARRAM                            nvFARRAM     000000
__Lnvbit                               nvbit        000000
__Lnvrram                              nvrram       000000
__Lparam                               rparam       000000
__Lpowerup                             powerup      00000E
__Lram                                 ram          000000
__Lramtop                              ramtop       001000
__Lrbit                                rbit         000000
__Lrbss                                rbss         000000
__Lrdata                               rdata        000000
__Lreset_vec                           reset_vec    000000
__Lrparam                              rparam       000000
__Lsfr                                 sfr          000000
__Lsmallconst                          smallconst   001000
__Lspace_0                             (abs)        000000
__Lspace_1                             (abs)        000000
__Lspace_2                             (abs)        000000
__Lspace_4                             (abs)        000000
__Lstack                               stack        000000
__Lstruct                              struct       000000
__Ltemp                                temp         00007A
__Ltext                                text         000000
__Ltext0                               text0        000000
__Ltext1                               text1        000000
__Ltext11                              text11       000000
__Ltext12                              text12       000000
__Ltext13                              text13       000000
__Ltext14                              text14       000000
__Ltext15                              text15       000000
__Ltext16                              text16       000000
__Ltext17                              text17       000000
__Ltext18                              text18       000000
__Ltext19                              text19       000000
__Ltext2                               text2        000000
__Ltext20                              text20       000000
__Ltext3                               text3        000000
__Ltext4                               text4        000000
__Ltext5                               text5        000000
__Ltext6                               text6        000000
__Ltext7                               text7        000000
__Ltext8                               text8        000000
__Ltext9                               text9        000000
__S0                                   (abs)        002C36
__S1                                   (abs)        0000FA
__S4                                   (abs)        000000
__S5                                   (abs)        000000
___fladd                               text9        00153A
___fladd@a                             cstackCOMRAM 000048
___fladd@aexp                          cstackCOMRAM 000051
___fladd@b                             cstackCOMRAM 000044
___fladd@bexp                          cstackCOMRAM 000052
___fladd@grs                           cstackCOMRAM 000053
___fladd@signs                         cstackCOMRAM 000050
___fldiv                               text8        001E24
___fldiv@a                             cstackCOMRAM 000016
___fldiv@aexp                          cstackCOMRAM 00002A
___fldiv@b                             cstackCOMRAM 000012
___fldiv@bexp                          cstackCOMRAM 000029
___fldiv@grs                           cstackCOMRAM 000025
___fldiv@new_exp                       cstackCOMRAM 000023
___fldiv@rem                           cstackCOMRAM 00001E
___fldiv@sign                          cstackCOMRAM 000022
___flmul                               text7        0019FA
___flmul@a                             cstackCOMRAM 00002F
___flmul@aexp                          cstackCOMRAM 000038
___flmul@b                             cstackCOMRAM 00002B
___flmul@bexp                          cstackCOMRAM 00003D
___flmul@grs                           cstackCOMRAM 000039
___flmul@prod                          cstackCOMRAM 00003E
___flmul@sign                          cstackCOMRAM 000037
___flmul@temp                          cstackCOMRAM 000042
___fltol                               text6        00282A
___fltol@exp1                          cstackCOMRAM 00005D
___fltol@f1                            cstackCOMRAM 000054
___fltol@sign1                         cstackCOMRAM 00005C
___heap_hi                             (abs)        000000
___heap_lo                             (abs)        000000
___inthi_sp                            stack        000000
___inthi_stack_hi                      stack        000000
___inthi_stack_lo                      stack        000000
___intlo_sp                            stack        000000
___intlo_stack_hi                      stack        000000
___intlo_stack_lo                      stack        000000
___param_bank                          (abs)        000000
___rparam_used                         (abs)        000001
___sp                                  stack        000000
___stack_hi                            stack        000000
___stack_lo                            stack        000000
___xxtofl                              text5        00251C
___xxtofl@arg                          cstackCOMRAM 00000E
___xxtofl@exp                          cstackCOMRAM 00000D
___xxtofl@sign                         cstackCOMRAM 00000C
___xxtofl@val                          cstackCOMRAM 000004
__accesstop                            (abs)        000080
__activetblptr                         (abs)        000003
__end_of_CCP_Init                      text4        00153A
__end_of_CCP_PWM_Set_Duty              text3        00282A
__end_of_CCP_PWM_Start                 text2        002A10
__end_of_EXTI0_ISR                     text20       002C36
__end_of_EXTI1_ISR                     text19       002C32
__end_of_EXTI2_ISR                     text18       002C2E
__end_of_InterruptManagerHigh          intcode_body 00251C
__end_of_RB4_ISR                       text17       002BFE
__end_of_RB5_ISR                       text16       002BC6
__end_of_RB6_ISR                       text15       002B8E
__end_of_RB7_ISR                       text14       002B56
__end_of_TIMER0_ISR                    text13       002C26
__end_of_TIMER1_OVF_ISR                text12       002C1A
__end_of_TIMER3_OVF_ISR                text11       002C0C
__end_of___fladd                       text9        0019FA
__end_of___fldiv                       text8        0021BE
__end_of___flmul                       text7        001E24
__end_of___fltol                       text6        002930
__end_of___xxtofl                      text5        0026D0
__end_of__initialization               cinit        002ACC
__end_of_btn_values                    smallconst   001011
__end_of_main                          text0        002A74
__end_of_timer2_Intit                  text1        0029A8
__initialization                       cinit        002A74
__mediumconst                          mediumconst  000000
__pbssBANK0                            bssBANK0     0000C8
__pbssCOMRAM                           bssCOMRAM    000065
__pcinit                               cinit        002A74
__pcstackBANK0                         cstackBANK0  0000F1
__pcstackCOMRAM                        cstackCOMRAM 000001
__pdataBANK0                           dataBANK0    000080
__pdataCOMRAM                          dataCOMRAM   000076
__pidataBANK0                          idataBANK0   002AD6
__pidataCOMRAM                         idataCOMRAM  002C26
__pintcode                             intcode      000008
__pintcode_body                        intcode_body 0021BE
__psmallconst                          smallconst   001000
__ptext0                               text0        002A10
__ptext1                               text1        002930
__ptext11                              text11       002BFE
__ptext12                              text12       002C0C
__ptext13                              text13       002C1A
__ptext14                              text14       002B1E
__ptext15                              text15       002B56
__ptext16                              text16       002B8E
__ptext17                              text17       002BC6
__ptext18                              text18       002C2A
__ptext19                              text19       002C2E
__ptext2                               text2        0029A8
__ptext20                              text20       002C32
__ptext3                               text3        0026D0
__ptext4                               text4        001012
__ptext5                               text5        00251C
__ptext6                               text6        00282A
__ptext7                               text7        0019FA
__ptext8                               text8        001E24
__ptext9                               text9        00153A
__ramtop                               ramtop       001000
__smallconst                           smallconst   001000
_btn_values                            smallconst   001001
_ccp1_obj                              dataBANK0    0000B9
_ccp2_obj                              dataBANK0    0000B0
_flag                                  bssBANK0     0000D0
_lat_registers                         dataBANK0    00008A
_lcd_4bit                              dataBANK0    0000A8
_lcd_8bit                              dataBANK0    00009E
_main                                  text0        002A10
_port_registers                        dataBANK0    000080
_preloadValue                          bssCOMRAM    000065
_ret                                   dataBANK0    0000AE
_timer2_Intit                          text1        002930
_tmr2                                  dataBANK0    0000C2
_tris_registers                        dataBANK0    000094
adc_input_channel_port_configure@F2980 dataBANK0    0000AF
btemp                                  temp         00007A
dc_motor_initialize@F2890              bssCOMRAM    000075
dc_motor_initialize@F2892              bssCOMRAM    000074
dc_motor_move_left@F2904               bssCOMRAM    000071
dc_motor_move_left@F2906               bssCOMRAM    000070
dc_motor_move_right@F2897              bssCOMRAM    000073
dc_motor_move_right@F2899              bssCOMRAM    000072
dc_motor_stop@F2911                    bssCOMRAM    00006F
dc_motor_stop@F2913                    bssCOMRAM    00006E
end_of_initialization                  cinit        002ACC
int$flags                              temp         00007A
int_func                               intcode_body 0021BE
intlevel0                              text         000000
intlevel1                              text         000000
intlevel2                              text         000000
intlevel3                              text         000000
isa$std                                (abs)        000001
isa$xinst                              (abs)        000000
led_initalize@F2891                    bssCOMRAM    00006D
led_toggle@F2906                       bssCOMRAM    00006A
led_turn_off@F2901                     bssCOMRAM    00006B
led_turn_on@F2896                      bssCOMRAM    00006C
relay_initialize@F2885                 bssCOMRAM    000069
relay_turn_off@F2895                   bssCOMRAM    000067
relay_turn_on@F2890                    bssCOMRAM    000068
stackhi                                (abs)        000000
stacklo                                (abs)        000000
start                                  init         00000E
start_initialization                   cinit        002A74
timer2_Intit@_timer                    cstackCOMRAM 000004
timer2_Intit@ret                       cstackCOMRAM 000006
ttemp5                                 temp         00007B
ttemp6                                 temp         00007E
ttemp7                                 temp         000082
wtemp8                                 temp         00007B


MODULE INFORMATION

Module		Function		Class		Link	Load	Size
D:\ME\EE\career\tools\xc8\v2.45\pic\sources\c99\common\fltol.c
		___fltol       		CODE           	282A	0000	262

D:\ME\EE\career\tools\xc8\v2.45\pic\sources\c99\common\fltol.c estimated size: 262

../application.c
		_main          		CODE           	2A10	0000	100

../application.c estimated size: 100

../MCAL_layer/TIMER2/hal_timer2.c
		_timer2_Intit  		CODE           	2930	0000	120

../MCAL_layer/TIMER2/hal_timer2.c estimated size: 120

../MCAL_layer/TIMER1/hal_timer1.c
		_TIMER1_OVF_ISR		CODE           	2C0C	0000	14

../MCAL_layer/TIMER1/hal_timer1.c estimated size: 14

../MCAL_layer/TIMER0/hal_timer0.c
		_TIMER0_ISR    		CODE           	2C1A	0000	12

../MCAL_layer/TIMER0/hal_timer0.c estimated size: 12

D:\ME\EE\career\tools\xc8\v2.45\pic\sources\c99\common\xxtofl.c
		___xxtofl      		CODE           	251C	0000	436

D:\ME\EE\career\tools\xc8\v2.45\pic\sources\c99\common\xxtofl.c estimated size: 436

../MCAL_layer/interrupt/mcal_external_interrupt.c
		_EXTI2_ISR     		CODE           	2C2A	0000	4
		_RB4_ISR       		CODE           	2BC6	0000	56
		_RB5_ISR       		CODE           	2B8E	0000	56
		_RB6_ISR       		CODE           	2B56	0000	56
		_RB7_ISR       		CODE           	2B1E	0000	56
		_EXTI0_ISR     		CODE           	2C32	0000	4
		_EXTI1_ISR     		CODE           	2C2E	0000	4

../MCAL_layer/interrupt/mcal_external_interrupt.c estimated size: 236

../MCAL_layer/CCP1/hal_ccp1.c
		_CCP_Init      		CODE           	1012	0000	1320
		_CCP_PWM_Start 		CODE           	29A8	0000	104
		_CCP_PWM_Set_Duty		CODE           	26D0	0000	346

../MCAL_layer/CCP1/hal_ccp1.c estimated size: 1770

D:\ME\EE\career\tools\xc8\v2.45\pic\sources\c99\common\sprcmul.c
		___flmul       		CODE           	19FA	0000	1066

D:\ME\EE\career\tools\xc8\v2.45\pic\sources\c99\common\sprcmul.c estimated size: 1066

D:\ME\EE\career\tools\xc8\v2.45\pic\sources\c99\common\sprcdiv.c
		___fldiv       		CODE           	1E24	0000	922

D:\ME\EE\career\tools\xc8\v2.45\pic\sources\c99\common\sprcdiv.c estimated size: 922

../MCAL_layer/interrupt/mcal_interrupt_manager.c
		_InterruptManagerHigh		CODE           	0008	0000	868

../MCAL_layer/interrupt/mcal_interrupt_manager.c estimated size: 868

shared
		_btn_values    		SMALLCONST     	1001	0000	16
		__initialization		CODE           	2A74	0000	88

shared estimated size: 104

D:\ME\EE\career\tools\xc8\v2.45\pic\sources\c99\common\sprcadd.c
		___fladd       		CODE           	153A	0000	1216

D:\ME\EE\career\tools\xc8\v2.45\pic\sources\c99\common\sprcadd.c estimated size: 1216

../MCAL_layer/TIMER3/hal_timer3.c
		_TIMER3_OVF_ISR		CODE           	2BFE	0000	14

../MCAL_layer/TIMER3/hal_timer3.c estimated size: 14

