Microchip MPLAB XC8 Compiler V2.45

Linker command line:

-W-3 --edf=D:\ME\EE\career\tools\xc8\v2.45\pic\dat\20230818022343_en.msgs \
  -cn -h+dist/default/debug\PIC18F4620Drivers.X.debug.sym \
  --cmf=dist/default/debug\PIC18F4620Drivers.X.debug.cmf -z -Q18F4620 \
  -oC:\Users\User\AppData\Local\Temp\xcAs2as.\driver_tmp_3.o \
  --defsym=__MPLAB_BUILD=1 --fixupoverflow=error \
  -Mdist/default/debug/PIC18F4620Drivers.X.debug.map \
  --md=C:\Users\User\AppData\Local\Temp\xcAs2as.\driver_tmp_0.dat -E1 \
  -ver=XC8 Compiler --acfsm=1493 -ACODE=00h-0FFFFh -ACONST=00h-0FFFFh \
  -ASMALLCONST=01000h-010FFhx240 -AMEDIUMCONST=01000h-0FFFFh \
  -ACOMRAM=01h-07Fh -AABS1=00h-0F7Fh -ABIGRAM=01h-0F7Fh \
  -ARAM=080h-0FFh,0100h-01FFhx14,0F00h-0F7Fh -ABANK0=080h-0FFh \
  -ABANK1=0100h-01FFh -ABANK2=0200h-02FFh -ABANK3=0300h-03FFh \
  -ABANK4=0400h-04FFh -ABANK5=0500h-05FFh -ABANK6=0600h-06FFh \
  -ABANK7=0700h-07FFh -ABANK8=0800h-08FFh -ABANK9=0900h-09FFh \
  -ABANK10=0A00h-0AFFh -ABANK11=0B00h-0BFFh -ABANK12=0C00h-0CFFh \
  -ABANK13=0D00h-0DFFh -ABANK14=0E00h-0EFFh -ABANK15=0F00h-0F7Fh \
  -ASFR=0F80h-0FFFh -ABIGSFR=0F80h-0FFFh -ACONFIG=0300000h-030000Dh \
  -AIDLOC=0200000h-0200007h -AEEDATA=0F00000h-0F003FFh -peeprom_data=EEDATA \
  -preset_vec=00h,intcode=08h,intcodelo,powerup,init -pramtop=01000h \
  -psmallconst=SMALLCONST -pmediumconst=MEDIUMCONST -pconst=CONST \
  -AFARRAM=00h-00h \
  -prdata=COMRAM,nvrram=COMRAM,nvbit=COMRAM,rbss=COMRAM,rbit=COMRAM \
  -pfarbss=FARRAM,fardata=FARRAM,nvFARRAM=FARRAM \
  -pintsave_regs=BIGRAM,bigbss=BIGRAM,bigdata=BIGRAM -pbss=RAM \
  -pidata=CODE,irdata=CODE,ibigdata=CODE,ifardata=CODE -prparam=COMRAM \
  C:\Users\User\AppData\Local\Temp\xcAs2as.\driver_tmp_9.o \
  dist/default/debug\PIC18F4620Drivers.X.debug.o 

Object code version is 3.11

Machine type is 18F4620



                Name                               Link     Load   Length Selector   Space Scale
C:\Users\User\AppData\Local\Temp\xcAs2as.\driver_tmp_9.o
                config                           300000   300000        E        0       4
                init                                  E        E        4        4       0
                reset_vec                             0        0        4        0       0
dist/default/debug\PIC18F4620Drivers.X.debug.o
                intcode                               8        8        6        4       0
                config                           300000   300000        E        0       4
                temp                                 7C       7C        1        1       1
                smallconst                         1000     1000       12      800       0
                text27                             1B76     1B76        4      809       0
                text26                             1B72     1B72        4      809       0
                text25                             1B7C     1B7C        2      809       0
                text24                             1B7A     1B7A        2      809       0
                text23                             1B6E     1B6E        4      809       0
                text22                             1B6A     1B6A        4      809       0
                text21                             1B66     1B66        4      809       0
                text20                             1B62     1B62        4      809       0
                text19                             1B5E     1B5E        4      809       0
                text18                             1ACA     1ACA       38      809       0
                text17                             1A92     1A92       38      809       0
                text16                             1A5A     1A5A       38      809       0
                text15                             1A22     1A22       38      809       0
                text14                             1B52     1B52        C      809       0
                text13                             1B46     1B46        C      809       0
                text12                             1B3A     1B3A        C      809       0
                intcode_body                       1012     1012      436      809       0
                text10                             1448     1448      142      809       0
                text9                              158A     158A      12C      809       0
                text8                              19E4     19E4       3E      809       0
                text7                              1992     1992       52      809       0
                text6                              1940     1940       52      809       0
                text5                              18EE     18EE       52      809       0
                text4                              1722     1722       64      809       0
                text3                              17E8     17E8       5E      809       0
                text2                              189C     189C       52      809       0
                text1                              1786     1786       62      809       0
                text0                              16B6     16B6       6C      809       0
                cstackCOMRAM                         6C       6C        F        1       1
                cstackBANK0                          94       94        4       80       1
                dataBANK0                            80       80       14       80       1
                dataCOMRAM                           48       48       24        1       1
                bssCOMRAM                             1        1       47        1       1
                cinit                              1846     1846       56      809       0
                nvCOMRAM                             7B       7B        1        1       1
                idataBANK0                         1B26     1B26       14      809       0
                idataCOMRAM                        1B02     1B02       24      809       0

TOTAL           Name                               Link     Load   Length     Space
        CLASS   CODE           
                intcode                               8        8        6         0
                init                                  E        E        4         0
                reset_vec                             0        0        4         0
                text27                             1B76     1B76        4         0
                text26                             1B72     1B72        4         0
                text25                             1B7C     1B7C        2         0
                text24                             1B7A     1B7A        2         0
                text23                             1B6E     1B6E        4         0
                text22                             1B6A     1B6A        4         0
                text21                             1B66     1B66        4         0
                text20                             1B62     1B62        4         0
                text19                             1B5E     1B5E        4         0
                text18                             1ACA     1ACA       38         0
                text17                             1A92     1A92       38         0
                text16                             1A5A     1A5A       38         0
                text15                             1A22     1A22       38         0
                text14                             1B52     1B52        C         0
                text13                             1B46     1B46        C         0
                text12                             1B3A     1B3A        C         0
                intcode_body                       1012     1012      436         0
                text10                             1448     1448      142         0
                text9                              158A     158A      12C         0
                text8                              19E4     19E4       3E         0
                text7                              1992     1992       52         0
                text6                              1940     1940       52         0
                text5                              18EE     18EE       52         0
                text4                              1722     1722       64         0
                text3                              17E8     17E8       5E         0
                text2                              189C     189C       52         0
                text1                              1786     1786       62         0
                text0                              16B6     16B6       6C         0
                cinit                              1846     1846       56         0
                idataBANK0                         1B26     1B26       14         0
                idataCOMRAM                        1B02     1B02       24         0

        CLASS   CONST          

        CLASS   SMALLCONST     
                smallconst                         1000     1000       12         0

        CLASS   MEDIUMCONST    

        CLASS   COMRAM         
                temp                                 7C       7C        1         1
                cstackCOMRAM                         6C       6C        F         1
                dataCOMRAM                           48       48       24         1
                bssCOMRAM                             1        1       47         1
                nvCOMRAM                             7B       7B        1         1

        CLASS   ABS1           

        CLASS   BIGRAM         

        CLASS   RAM            

        CLASS   BANK0          
                cstackBANK0                          94       94        4         1
                dataBANK0                            80       80       14         1

        CLASS   BANK1          

        CLASS   BANK2          

        CLASS   BANK3          

        CLASS   BANK4          

        CLASS   BANK5          

        CLASS   BANK6          

        CLASS   BANK7          

        CLASS   BANK8          

        CLASS   BANK9          

        CLASS   BANK10         

        CLASS   BANK11         

        CLASS   BANK12         

        CLASS   BANK13         

        CLASS   BANK14         

        CLASS   BANK15         

        CLASS   SFR            

        CLASS   BIGSFR         

        CLASS   CONFIG         
                config                           300000   300000        E         4

        CLASS   IDLOC          

        CLASS   EEDATA         

        CLASS   FARRAM         

        CLASS   HEAP           

        CLASS   STACK          



SEGMENTS        Name                           Load    Length   Top    Selector   Space  Class

                reset_vec                      000000  000004  000004         0       0  CODE    
                bssCOMRAM                      000001  00007C  00007D         1       1  COMRAM  
                intcode                        000008  00000A  000012         4       0  CODE    
                dataBANK0                      000080  000018  000098        80       1  BANK0   
                smallconst                     001000  000012  001012       800       0  SMALLCON
                intcode_body                   001012  000B6C  001B7E       809       0  CODE    


UNUSED ADDRESS RANGES

        Name                Unused          Largest block    Delta
        BANK0            000098-0000FF               68
        BANK1            000100-0001FF              100
        BANK10           000A00-000AFF              100
        BANK11           000B00-000BFF              100
        BANK12           000C00-000CFF              100
        BANK13           000D00-000DFF              100
        BANK14           000E00-000EFF              100
        BANK15           000F00-000F7F               80
        BANK2            000200-0002FF              100
        BANK3            000300-0003FF              100
        BANK4            000400-0004FF              100
        BANK5            000500-0005FF              100
        BANK6            000600-0006FF              100
        BANK7            000700-0007FF              100
        BANK8            000800-0008FF              100
        BANK9            000900-0009FF              100
        BIGRAM           00007D-00007F                3
                         000098-000F7F              EE8
        BIGSFR           000F80-000FFF               80
        CODE             000004-000007                4
                         000012-000FFF              FEE
                         001B7E-00FFFF             E482
        COMRAM           00007D-00007F                3
        CONST            000004-000007                4
                         000012-000FFF              FEE
                         001B7E-00FFFF             E482
        EEDATA           F00000-F003FF              400
        IDLOC            200000-200007                8
        MEDIUMCONST      001B7E-00FFFF             E482
        RAM              000098-000F7F              100
        SFR              000F80-000FFF               80
        SMALLCONST       001B7E-00FFFF              100

                                  Symbol Table

MSSP_SPI_Init@_spi                                   cstackCOMRAM 000079
MSSP_SPI_Init@ret                                    cstackBANK0  000094
MSSP_SPI_Send_Data_default_ss_Blocking@_spi          cstackCOMRAM 000077
MSSP_SPI_Send_Data_default_ss_Blocking@data          cstackCOMRAM 000078
MSSP_SPI_Send_Data_default_ss_Blocking@receivedData  cstackCOMRAM 000079
MSSP_SPI_Send_Data_default_ss_Blocking@ret           cstackCOMRAM 00007A
MSSP_SPI_Send_Data_specific_ss_Blocking@_spi         cstackBANK0  000094
MSSP_SPI_Send_Data_specific_ss_Blocking@data         cstackBANK0  000096
MSSP_SPI_Send_Data_specific_ss_Blocking@receivedData cstackBANK0  000097
MSSP_SPI_Send_Data_specific_ss_Blocking@ret          cstackCOMRAM 000079
MSSP_SPI_Send_Data_specific_ss_Blocking@ss_pin       cstackBANK0  000095
RB4_ISR@RB4_Int                                      cstackCOMRAM 00006E
RB5_ISR@RB5_Int                                      cstackCOMRAM 00006E
RB6_ISR@RB6_Int                                      cstackCOMRAM 00006E
RB7_ISR@RB7_Int                                      cstackCOMRAM 00006E
_ADCON0bits                                          (abs)        000FC2
_ADCON1bits                                          (abs)        000FC1
_ADCON2bits                                          (abs)        000FC0
_ADRESH                                              (abs)        000FC4
_ADRESL                                              (abs)        000FC3
_BAUDCONbits                                         (abs)        000FB8
_CCP1CONbits                                         (abs)        000FBD
_CCP1_ISR                                            text27       001B76
_CCP1_OVF_INTERRUPT_HANDELER                         bssCOMRAM    000035
_CCP2CONbits                                         (abs)        000FBA
_CCP2_ISR                                            text26       001B72
_CCP2_OVF_INTERRUPT_HANDELER                         bssCOMRAM    000033
_CCPR1H                                              (abs)        000FBF
_CCPR1L                                              (abs)        000FBE
_CCPR2H                                              (abs)        000FBC
_CCPR2L                                              (abs)        000FBB
_EECON1bits                                          (abs)        000FA6
_EUSART_FRAMING_ERROR_HANDLER                        bssCOMRAM    000003
_EUSART_OVERRUN_ERROR_HANDLER                        bssCOMRAM    000001
_EUSART_RX_INTERRUPT_HANDLER                         bssCOMRAM    000005
_EUSART_RX_ISR                                       text25       001B7C
_EUSART_TX_INTERRUPT_HANDLER                         bssCOMRAM    000007
_EUSART_TX_ISR                                       text24       001B7A
_EXTI0_ISR                                           text23       001B6E
_EXTI0_InterruptHandler                              bssCOMRAM    00002B
_EXTI1_ISR                                           text22       001B6A
_EXTI1_InterruptHandler                              bssCOMRAM    000029
_EXTI2_ISR                                           text21       001B66
_EXTI2_InterruptHandler                              bssCOMRAM    000027
_GlobalPreLoad                                       bssCOMRAM    000037
_I2C_DEFAULT_INTERRUPT_HANDLER                       bssCOMRAM    000031
_I2C_OVERFLOW_INTERRUPT_HANDLER                      bssCOMRAM    00002F
_I2C_WRITE_COLLISION_INTERRUPT_HANDLER               bssCOMRAM    00002D
_INTCON2bits                                         (abs)        000FF1
_INTCON3bits                                         (abs)        000FF0
_INTCONbits                                          (abs)        000FF2
_InterruptManagerHigh                                intcode      000008
_MSSP_I2C_BC_ISR                                     text20       001B62
_MSSP_I2C_ISR                                        text19       001B5E
_MSSP_SPI_Init                                       text3        0017E8
_MSSP_SPI_Send_Data_default_ss_Blocking              text2        00189C
_MSSP_SPI_Send_Data_specific_ss_Blocking             text1        001786
_PIE1bits                                            (abs)        000F9D
_PIE2bits                                            (abs)        000FA0
_PIR1bits                                            (abs)        000F9E
_PIR2bits                                            (abs)        000FA1
_PORTBbits                                           (abs)        000F81
_PR2                                                 (abs)        000FCB
_RB4_ISR                                             text18       001ACA
_RB4_InterruptHandler_HIGH                           bssCOMRAM    00001D
_RB4_InterruptHandler_LOW                            bssCOMRAM    000025
_RB4_enter                                           dataCOMRAM   000065
_RB5_ISR                                             text17       001A92
_RB5_InterruptHandler_HIGH                           bssCOMRAM    00001B
_RB5_InterruptHandler_LOW                            bssCOMRAM    000023
_RB5_enter                                           dataCOMRAM   000064
_RB6_ISR                                             text16       001A5A
_RB6_InterruptHandler_HIGH                           bssCOMRAM    000019
_RB6_InterruptHandler_LOW                            bssCOMRAM    000021
_RB6_enter                                           dataCOMRAM   000063
_RB7_ISR                                             text15       001A22
_RB7_InterruptHandler_HIGH                           bssCOMRAM    000017
_RB7_InterruptHandler_LOW                            bssCOMRAM    00001F
_RB7_enter                                           dataCOMRAM   000062
_RCREG                                               (abs)        000FAE
_RCSTAbits                                           (abs)        000FAB
_SPBRG                                               (abs)        000FAF
_SPBRGH                                              (abs)        000FB0
_SSPADD                                              (abs)        000FC8
_SSPBUF                                              (abs)        000FC9
_SSPCON1bits                                         (abs)        000FC6
_SSPCON2bits                                         (abs)        000FC5
_SSPSTATbits                                         (abs)        000FC7
_T0CONbits                                           (abs)        000FD5
_T1CONbits                                           (abs)        000FCD
_T2CONbits                                           (abs)        000FCA
_T3CONbits                                           (abs)        000FB1
_TIMER0_INTERRUTP_HANDELER                           bssCOMRAM    000015
_TIMER0_ISR                                          text14       001B52
_TIMER1_OVF_INTERRUPT_HANDELER                       bssCOMRAM    000011
_TIMER1_OVF_ISR                                      text13       001B46
_TIMER3_OVF_INTERRUPT_HANDELER                       bssCOMRAM    00000B
_TIMER3_OVF_ISR                                      text12       001B3A
_TMR0H                                               (abs)        000FD7
_TMR0L                                               (abs)        000FD6
_TMR1H                                               (abs)        000FCF
_TMR1L                                               (abs)        000FCE
_TMR2                                                (abs)        000FCC
_TMR3H                                               (abs)        000FB3
_TMR3L                                               (abs)        000FB2
_TRISAbits                                           (abs)        000F92
_TRISCbits                                           (abs)        000F94
_TXREG                                               (abs)        000FAD
_TXSTAbits                                           (abs)        000FAC
_Timer1Preload                                       bssCOMRAM    00000F
_Timer3Preload                                       bssCOMRAM    000009
__HRAM                                               (abs)        000000
__H__absolute__                                      __absolute__ 000000
__Habs1                                              abs1         000000
__Hbank0                                             bank0        000000
__Hbank1                                             bank1        000000
__Hbank10                                            bank10       000000
__Hbank11                                            bank11       000000
__Hbank12                                            bank12       000000
__Hbank13                                            bank13       000000
__Hbank14                                            bank14       000000
__Hbank15                                            bank15       000000
__Hbank2                                             bank2        000000
__Hbank3                                             bank3        000000
__Hbank4                                             bank4        000000
__Hbank5                                             bank5        000000
__Hbank6                                             bank6        000000
__Hbank7                                             bank7        000000
__Hbank8                                             bank8        000000
__Hbank9                                             bank9        000000
__Hbigbss                                            bigbss       000000
__Hbigdata                                           bigdata      000000
__Hbigram                                            bigram       000000
__Hbigsfr                                            bigsfr       000000
__Hbss                                               bss          000000
__HbssCOMRAM                                         bssCOMRAM    000000
__Hcinit                                             cinit        000000
__Hclrtext                                           clrtext      000000
__Hcomram                                            comram       000000
__Hconfig                                            config       30000E
__Hconst                                             const        000000
__HcstackBANK0                                       cstackBANK0  000000
__HcstackCOMRAM                                      cstackCOMRAM 000000
__Hdata                                              data         000000
__HdataBANK0                                         dataBANK0    000000
__HdataCOMRAM                                        dataCOMRAM   000000
__Heeprom_data                                       eeprom_data  000000
__Hfarbss                                            farbss       000000
__Hfardata                                           fardata      000000
__Hheap                                              heap         000000
__Hibigdata                                          ibigdata     000000
__Hidata                                             idata        000000
__HidataBANK0                                        idataBANK0   000000
__HidataCOMRAM                                       idataCOMRAM  000000
__Hidloc                                             idloc        000000
__Hifardata                                          ifardata     000000
__Hinit                                              init         000012
__Hintcode                                           intcode      00000E
__Hintcode_body                                      intcode_body 000000
__Hintcodelo                                         intcodelo    00000E
__Hintentry                                          intentry     000000
__Hintret                                            intret       000000
__Hintsave_regs                                      intsave_regs 000000
__Hirdata                                            irdata       000000
__Hmediumconst                                       mediumconst  000000
__HnvCOMRAM                                          nvCOMRAM     000000
__HnvFARRAM                                          nvFARRAM     000000
__Hnvbit                                             nvbit        000000
__Hnvrram                                            nvrram       000000
__Hparam                                             rparam       000000
__Hpowerup                                           powerup      00000E
__Hram                                               ram          000000
__Hramtop                                            ramtop       001000
__Hrbit                                              rbit         000000
__Hrbss                                              rbss         000000
__Hrdata                                             rdata        000000
__Hreset_vec                                         reset_vec    000004
__Hrparam                                            rparam       000000
__Hsfr                                               sfr          000000
__Hsmallconst                                        smallconst   001012
__Hspace_0                                           (abs)        001B7E
__Hspace_1                                           (abs)        000098
__Hspace_2                                           (abs)        000000
__Hspace_4                                           (abs)        60000E
__Hstack                                             stack        000000
__Hstruct                                            struct       000000
__Htemp                                              temp         00007D
__Htext                                              text         000000
__Htext0                                             text0        000000
__Htext1                                             text1        000000
__Htext10                                            text10       000000
__Htext12                                            text12       000000
__Htext13                                            text13       000000
__Htext14                                            text14       000000
__Htext15                                            text15       000000
__Htext16                                            text16       000000
__Htext17                                            text17       000000
__Htext18                                            text18       000000
__Htext19                                            text19       000000
__Htext2                                             text2        000000
__Htext20                                            text20       000000
__Htext21                                            text21       000000
__Htext22                                            text22       000000
__Htext23                                            text23       000000
__Htext24                                            text24       000000
__Htext25                                            text25       000000
__Htext26                                            text26       000000
__Htext27                                            text27       000000
__Htext3                                             text3        000000
__Htext4                                             text4        000000
__Htext5                                             text5        000000
__Htext6                                             text6        000000
__Htext7                                             text7        000000
__Htext8                                             text8        000000
__Htext9                                             text9        000000
__LRAM                                               (abs)        000001
__L__absolute__                                      __absolute__ 000000
__Labs1                                              abs1         000000
__Lbank0                                             bank0        000000
__Lbank1                                             bank1        000000
__Lbank10                                            bank10       000000
__Lbank11                                            bank11       000000
__Lbank12                                            bank12       000000
__Lbank13                                            bank13       000000
__Lbank14                                            bank14       000000
__Lbank15                                            bank15       000000
__Lbank2                                             bank2        000000
__Lbank3                                             bank3        000000
__Lbank4                                             bank4        000000
__Lbank5                                             bank5        000000
__Lbank6                                             bank6        000000
__Lbank7                                             bank7        000000
__Lbank8                                             bank8        000000
__Lbank9                                             bank9        000000
__Lbigbss                                            bigbss       000000
__Lbigdata                                           bigdata      000000
__Lbigram                                            bigram       000000
__Lbigsfr                                            bigsfr       000000
__Lbss                                               bss          000000
__LbssCOMRAM                                         bssCOMRAM    000000
__Lcinit                                             cinit        000000
__Lclrtext                                           clrtext      000000
__Lcomram                                            comram       000000
__Lconfig                                            config       000000
__Lconst                                             const        000000
__LcstackBANK0                                       cstackBANK0  000000
__LcstackCOMRAM                                      cstackCOMRAM 000000
__Ldata                                              data         000000
__LdataBANK0                                         dataBANK0    000000
__LdataCOMRAM                                        dataCOMRAM   000000
__Leeprom_data                                       eeprom_data  000000
__Lfarbss                                            farbss       000000
__Lfardata                                           fardata      000000
__Lheap                                              heap         000000
__Libigdata                                          ibigdata     000000
__Lidata                                             idata        000000
__LidataBANK0                                        idataBANK0   000000
__LidataCOMRAM                                       idataCOMRAM  000000
__Lidloc                                             idloc        000000
__Lifardata                                          ifardata     000000
__Linit                                              init         00000E
__Lintcode                                           intcode      000008
__Lintcode_body                                      intcode_body 000000
__Lintcodelo                                         intcodelo    00000E
__Lintentry                                          intentry     000000
__Lintret                                            intret       000000
__Lintsave_regs                                      intsave_regs 000000
__Lirdata                                            irdata       000000
__Lmediumconst                                       mediumconst  000000
__LnvCOMRAM                                          nvCOMRAM     000000
__LnvFARRAM                                          nvFARRAM     000000
__Lnvbit                                             nvbit        000000
__Lnvrram                                            nvrram       000000
__Lparam                                             rparam       000000
__Lpowerup                                           powerup      00000E
__Lram                                               ram          000000
__Lramtop                                            ramtop       001000
__Lrbit                                              rbit         000000
__Lrbss                                              rbss         000000
__Lrdata                                             rdata        000000
__Lreset_vec                                         reset_vec    000000
__Lrparam                                            rparam       000000
__Lsfr                                               sfr          000000
__Lsmallconst                                        smallconst   001000
__Lspace_0                                           (abs)        000000
__Lspace_1                                           (abs)        000000
__Lspace_2                                           (abs)        000000
__Lspace_4                                           (abs)        000000
__Lstack                                             stack        000000
__Lstruct                                            struct       000000
__Ltemp                                              temp         00007C
__Ltext                                              text         000000
__Ltext0                                             text0        000000
__Ltext1                                             text1        000000
__Ltext10                                            text10       000000
__Ltext12                                            text12       000000
__Ltext13                                            text13       000000
__Ltext14                                            text14       000000
__Ltext15                                            text15       000000
__Ltext16                                            text16       000000
__Ltext17                                            text17       000000
__Ltext18                                            text18       000000
__Ltext19                                            text19       000000
__Ltext2                                             text2        000000
__Ltext20                                            text20       000000
__Ltext21                                            text21       000000
__Ltext22                                            text22       000000
__Ltext23                                            text23       000000
__Ltext24                                            text24       000000
__Ltext25                                            text25       000000
__Ltext26                                            text26       000000
__Ltext27                                            text27       000000
__Ltext3                                             text3        000000
__Ltext4                                             text4        000000
__Ltext5                                             text5        000000
__Ltext6                                             text6        000000
__Ltext7                                             text7        000000
__Ltext8                                             text8        000000
__Ltext9                                             text9        000000
__S0                                                 (abs)        001B7E
__S1                                                 (abs)        000098
__S4                                                 (abs)        000000
__S5                                                 (abs)        000000
___heap_hi                                           (abs)        000000
___heap_lo                                           (abs)        000000
___inthi_sp                                          stack        000000
___inthi_stack_hi                                    stack        000000
___inthi_stack_lo                                    stack        000000
___intlo_sp                                          stack        000000
___intlo_stack_hi                                    stack        000000
___intlo_stack_lo                                    stack        000000
___param_bank                                        (abs)        000000
___rparam_used                                       (abs)        000001
___sp                                                stack        000000
___stack_hi                                          stack        000000
___stack_lo                                          stack        000000
__accesstop                                          (abs)        000080
__activetblptr                                       (abs)        000003
__end_of_CCP1_ISR                                    text27       001B7A
__end_of_CCP2_ISR                                    text26       001B76
__end_of_EUSART_RX_ISR                               text25       001B7E
__end_of_EUSART_TX_ISR                               text24       001B7C
__end_of_EXTI0_ISR                                   text23       001B72
__end_of_EXTI1_ISR                                   text22       001B6E
__end_of_EXTI2_ISR                                   text21       001B6A
__end_of_InterruptManagerHigh                        intcode_body 001448
__end_of_MSSP_I2C_BC_ISR                             text20       001B66
__end_of_MSSP_I2C_ISR                                text19       001B62
__end_of_MSSP_SPI_Init                               text3        001846
__end_of_MSSP_SPI_Send_Data_default_ss_Blocking      text2        0018EE
__end_of_MSSP_SPI_Send_Data_specific_ss_Blocking     text1        0017E8
__end_of_RB4_ISR                                     text18       001B02
__end_of_RB5_ISR                                     text17       001ACA
__end_of_RB6_ISR                                     text16       001A92
__end_of_RB7_ISR                                     text15       001A5A
__end_of_TIMER0_ISR                                  text14       001B5E
__end_of_TIMER1_OVF_ISR                              text13       001B52
__end_of_TIMER3_OVF_ISR                              text12       001B46
__end_of__initialization                             cinit        001892
__end_of_btn_values                                  smallconst   001011
__end_of_gpio_pin_direction_initalize                text10       00158A
__end_of_gpio_pin_initalize                          text8        001A22
__end_of_gpio_pin_write_logic                        text9        0016B6
__end_of_main                                        text0        001722
__end_of_mssp_spi_clk_phase_cfg                      text7        0019E4
__end_of_mssp_spi_clk_polarity_cfg                   text6        001992
__end_of_mssp_spi_clk_sample_cfg                     text5        001940
__end_of_mssp_spi_mode_cfg                           text4        001786
__initialization                                     cinit        001846
__mediumconst                                        mediumconst  000000
__pbssCOMRAM                                         bssCOMRAM    000001
__pcinit                                             cinit        001846
__pcstackBANK0                                       cstackBANK0  000094
__pcstackCOMRAM                                      cstackCOMRAM 00006C
__pdataBANK0                                         dataBANK0    000080
__pdataCOMRAM                                        dataCOMRAM   000048
__pidataBANK0                                        idataBANK0   001B26
__pidataCOMRAM                                       idataCOMRAM  001B02
__pin2                                               dataCOMRAM   00006B
__pin3                                               dataCOMRAM   00006A
__pin4                                               dataCOMRAM   000069
__pintcode                                           intcode      000008
__pintcode_body                                      intcode_body 001012
__pnvCOMRAM                                          nvCOMRAM     00007B
__psmallconst                                        smallconst   001000
__ptext0                                             text0        0016B6
__ptext1                                             text1        001786
__ptext10                                            text10       001448
__ptext12                                            text12       001B3A
__ptext13                                            text13       001B46
__ptext14                                            text14       001B52
__ptext15                                            text15       001A22
__ptext16                                            text16       001A5A
__ptext17                                            text17       001A92
__ptext18                                            text18       001ACA
__ptext19                                            text19       001B5E
__ptext2                                             text2        00189C
__ptext20                                            text20       001B62
__ptext21                                            text21       001B66
__ptext22                                            text22       001B6A
__ptext23                                            text23       001B6E
__ptext24                                            text24       001B7A
__ptext25                                            text25       001B7C
__ptext26                                            text26       001B72
__ptext27                                            text27       001B76
__ptext3                                             text3        0017E8
__ptext4                                             text4        001722
__ptext5                                             text5        0018EE
__ptext6                                             text6        001940
__ptext7                                             text7        001992
__ptext8                                             text8        0019E4
__ptext9                                             text9        00158A
__ramtop                                             ramtop       001000
__smallconst                                         smallconst   001000
_btn_values                                          smallconst   001001
_gpio_pin_direction_initalize                        text10       001448
_gpio_pin_initalize                                  text8        0019E4
_gpio_pin_write_logic                                text9        00158A
_lat_registers                                       dataCOMRAM   000048
_lcd_4bit                                            dataCOMRAM   00005C
_lcd_8bit                                            dataBANK0    00008A
_main                                                text0        0016B6
_mssp_spi_clk_phase_cfg                              text7        001992
_mssp_spi_clk_polarity_cfg                           text6        001940
_mssp_spi_clk_sample_cfg                             text5        0018EE
_mssp_spi_mode_cfg                                   text4        001722
_port_registers                                      dataBANK0    000080
_preloadValue                                        bssCOMRAM    000013
_receivedData                                        bssCOMRAM    000047
_ret                                                 nvCOMRAM     00007B
_spi_obj                                             dataCOMRAM   000067
_tris_registers                                      dataCOMRAM   000052
adc_input_channel_port_configure@F2980               dataCOMRAM   000066
btemp                                                temp         00007C
dc_motor_initialize@F2890                            bssCOMRAM    000046
dc_motor_initialize@F2892                            bssCOMRAM    000045
dc_motor_move_left@F2904                             bssCOMRAM    000042
dc_motor_move_left@F2906                             bssCOMRAM    000041
dc_motor_move_right@F2897                            bssCOMRAM    000044
dc_motor_move_right@F2899                            bssCOMRAM    000043
dc_motor_stop@F2911                                  bssCOMRAM    000040
dc_motor_stop@F2913                                  bssCOMRAM    00003F
end_of_initialization                                cinit        001892
gpio_pin_direction_initalize@_pin_config             cstackCOMRAM 00006F
gpio_pin_direction_initalize@status                  cstackCOMRAM 000075
gpio_pin_initalize@_pin_config                       cstackCOMRAM 000077
gpio_pin_initalize@ret                               cstackCOMRAM 000078
gpio_pin_write_logic@_pin_config                     cstackCOMRAM 00006F
gpio_pin_write_logic@logic                           cstackCOMRAM 000070
gpio_pin_write_logic@status                          cstackCOMRAM 000076
int$flags                                            temp         00007C
int_func                                             intcode_body 001012
intlevel0                                            text         000000
intlevel1                                            text         000000
intlevel2                                            text         000000
intlevel3                                            text         000000
isa$std                                              (abs)        000001
isa$xinst                                            (abs)        000000
led_initalize@F2891                                  bssCOMRAM    00003E
led_toggle@F2906                                     bssCOMRAM    00003B
led_turn_off@F2901                                   bssCOMRAM    00003C
led_turn_on@F2896                                    bssCOMRAM    00003D
mssp_spi_clk_phase_cfg@_spi                          cstackCOMRAM 00006F
mssp_spi_clk_polarity_cfg@_spi                       cstackCOMRAM 00006F
mssp_spi_clk_sample_cfg@_spi                         cstackCOMRAM 00006F
mssp_spi_mode_cfg@_spi                               cstackCOMRAM 000072
relay_initialize@F2885                               bssCOMRAM    00003A
relay_turn_off@F2895                                 bssCOMRAM    000038
relay_turn_on@F2890                                  bssCOMRAM    000039
stackhi                                              (abs)        000000
stacklo                                              (abs)        000000
start                                                init         00000E
start_initialization                                 cinit        001846
ttemp5                                               temp         00007D
ttemp6                                               temp         000080
ttemp7                                               temp         000084
wtemp8                                               temp         00007D


MODULE INFORMATION

Module		Function		Class		Link	Load	Size
../MCAL_layer/USART/hal_usart.c
		_EUSART_RX_ISR 		CODE           	1B7C	0000	2
		_EUSART_TX_ISR 		CODE           	1B7A	0000	2

../MCAL_layer/USART/hal_usart.c estimated size: 4

../application.c
		_main          		CODE           	16B6	0000	108

../application.c estimated size: 108

../MCAL_layer/TIMER1/hal_timer1.c
		_TIMER1_OVF_ISR		CODE           	1B46	0000	12

../MCAL_layer/TIMER1/hal_timer1.c estimated size: 12

../MCAL_layer/TIMER0/hal_timer0.c
		_TIMER0_ISR    		CODE           	1B52	0000	12

../MCAL_layer/TIMER0/hal_timer0.c estimated size: 12

../MCAL_layer/CCP/hal_ccp.c
		_CCP1_ISR      		CODE           	1B76	0000	4
		_CCP2_ISR      		CODE           	1B72	0000	4

../MCAL_layer/CCP/hal_ccp.c estimated size: 8

../MCAL_layer/GPIO/hal_gpio.c
		_gpio_pin_write_logic		CODE           	158A	0000	300
		_gpio_pin_initalize		CODE           	19E4	0000	62
		_gpio_pin_direction_initalize		CODE           	1448	0000	322

../MCAL_layer/GPIO/hal_gpio.c estimated size: 684

../MCAL_layer/interrupt/mcal_external_interrupt.c
		_EXTI2_ISR     		CODE           	1B66	0000	4
		_RB4_ISR       		CODE           	1ACA	0000	56
		_RB5_ISR       		CODE           	1A92	0000	56
		_RB6_ISR       		CODE           	1A5A	0000	56
		_RB7_ISR       		CODE           	1A22	0000	56
		_EXTI0_ISR     		CODE           	1B6E	0000	4
		_EXTI1_ISR     		CODE           	1B6A	0000	4

../MCAL_layer/interrupt/mcal_external_interrupt.c estimated size: 236

../MCAL_layer/interrupt/mcal_interrupt_manager.c
		_InterruptManagerHigh		CODE           	0008	0000	1084

../MCAL_layer/interrupt/mcal_interrupt_manager.c estimated size: 1084

../MCAL_layer/SPI/hal_spi.c
		_MSSP_SPI_Send_Data_specific_ss_Blocking		CODE           	1786	0000	98
		_MSSP_SPI_Init 		CODE           	17E8	0000	94
		_mssp_spi_clk_phase_cfg		CODE           	1992	0000	82
		_mssp_spi_clk_sample_cfg		CODE           	18EE	0000	82
		_mssp_spi_mode_cfg		CODE           	1722	0000	100
		_MSSP_SPI_Send_Data_default_ss_Blocking		CODE           	189C	0000	82
		_mssp_spi_clk_polarity_cfg		CODE           	1940	0000	82

../MCAL_layer/SPI/hal_spi.c estimated size: 620

shared
		_btn_values    		SMALLCONST     	1001	0000	16
		__initialization		CODE           	1846	0000	76

shared estimated size: 92

../MCAL_layer/I2C/hal_i2c.c
		_MSSP_I2C_ISR  		CODE           	1B5E	0000	4
		_MSSP_I2C_BC_ISR		CODE           	1B62	0000	4

../MCAL_layer/I2C/hal_i2c.c estimated size: 8

../MCAL_layer/TIMER3/hal_timer3.c
		_TIMER3_OVF_ISR		CODE           	1B3A	0000	12

../MCAL_layer/TIMER3/hal_timer3.c estimated size: 12

